Component: ARM Compiler 5.06 update 7 (build 960) Tool: armlink [4d3601]

==============================================================================

Section Cross References

    startup_stm32f407xx.o(RESET) refers to startup_stm32f407xx.o(STACK) for __initial_sp
    startup_stm32f407xx.o(RESET) refers to startup_stm32f407xx.o(.text) for Reset_Handler
    startup_stm32f407xx.o(RESET) refers to stm32f4xx_it.o(i.NMI_Handler) for NMI_Handler
    startup_stm32f407xx.o(RESET) refers to stm32f4xx_it.o(i.HardFault_Handler) for HardFault_Handler
    startup_stm32f407xx.o(RESET) refers to stm32f4xx_it.o(i.MemManage_Handler) for MemManage_Handler
    startup_stm32f407xx.o(RESET) refers to stm32f4xx_it.o(i.BusFault_Handler) for BusFault_Handler
    startup_stm32f407xx.o(RESET) refers to stm32f4xx_it.o(i.UsageFault_Handler) for UsageFault_Handler
    startup_stm32f407xx.o(RESET) refers to port.o(.emb_text) for SVC_Handler
    startup_stm32f407xx.o(RESET) refers to stm32f4xx_it.o(i.DebugMon_Handler) for DebugMon_Handler
    startup_stm32f407xx.o(RESET) refers to port.o(i.SysTick_Handler) for SysTick_Handler
    startup_stm32f407xx.o(RESET) refers to stm32f4xx_it.o(i.EXTI1_IRQHandler) for EXTI1_IRQHandler
    startup_stm32f407xx.o(RESET) refers to stm32f4xx_it.o(i.EXTI4_IRQHandler) for EXTI4_IRQHandler
    startup_stm32f407xx.o(RESET) refers to stm32f4xx_it.o(i.TIM7_IRQHandler) for TIM7_IRQHandler
    startup_stm32f407xx.o(.text) refers to system_stm32f4xx.o(i.SystemInit) for SystemInit
    startup_stm32f407xx.o(.text) refers to entry.o(.ARM.Collect$$$$00000000) for __main
    a7131.o(i.A7131_Cal) refers to a7131.o(i.StrobeCmd) for StrobeCmd
    a7131.o(i.A7131_Cal) refers to a7131.o(i.A7131_WriteReg) for A7131_WriteReg
    a7131.o(i.A7131_Cal) refers to a7131.o(i.A7131_ReadReg) for A7131_ReadReg
    a7131.o(i.A7131_Cal) refers to a7131.o(i.CHGroupCal) for CHGroupCal
    a7131.o(i.A7131_Cal) refers to a7131.o(i.Err_State) for Err_State
    a7131.o(i.A7131_Cal2) refers to a7131.o(i.StrobeCmd2) for StrobeCmd2
    a7131.o(i.A7131_Cal2) refers to a7131.o(i.A7131_WriteReg2) for A7131_WriteReg2
    a7131.o(i.A7131_Cal2) refers to a7131.o(i.A7131_ReadReg2) for A7131_ReadReg2
    a7131.o(i.A7131_Cal2) refers to a7131.o(i.CHGroupCal2) for CHGroupCal2
    a7131.o(i.A7131_Cal2) refers to a7131.o(i.Err_State2) for Err_State2
    a7131.o(i.A7131_Config) refers to a7131.o(i.A7131_WriteReg) for A7131_WriteReg
    a7131.o(i.A7131_Config) refers to a7131.o(i.A7131_WriteReg_Page) for A7131_WriteReg_Page
    a7131.o(i.A7131_Config) refers to a7131.o(.constdata) for .constdata
    a7131.o(i.A7131_Config2) refers to a7131.o(i.A7131_WriteReg2) for A7131_WriteReg2
    a7131.o(i.A7131_Config2) refers to a7131.o(i.A7131_WriteReg_Page2) for A7131_WriteReg_Page2
    a7131.o(i.A7131_Config2) refers to a7131.o(.constdata) for .constdata
    a7131.o(i.A7131_ReadReg) refers to stm32f4xx_hal_gpio.o(i.HAL_GPIO_WritePin) for HAL_GPIO_WritePin
    a7131.o(i.A7131_ReadReg) refers to a7131.o(i.SPI1_ReadWriteByte) for SPI1_ReadWriteByte
    a7131.o(i.A7131_ReadReg2) refers to stm32f4xx_hal_gpio.o(i.HAL_GPIO_WritePin) for HAL_GPIO_WritePin
    a7131.o(i.A7131_ReadReg2) refers to a7131.o(i.SPI1_ReadWriteByte2) for SPI1_ReadWriteByte2
    a7131.o(i.A7131_Reset) refers to a7131.o(i.A7131_WriteReg) for A7131_WriteReg
    a7131.o(i.A7131_Reset2) refers to a7131.o(i.A7131_WriteReg2) for A7131_WriteReg2
    a7131.o(i.A7131_WriteID) refers to stm32f4xx_hal_gpio.o(i.HAL_GPIO_WritePin) for HAL_GPIO_WritePin
    a7131.o(i.A7131_WriteID) refers to a7131.o(i.SPI1_ReadWriteByte) for SPI1_ReadWriteByte
    a7131.o(i.A7131_WriteID) refers to a7131.o(.constdata) for .constdata
    a7131.o(i.A7131_WriteID2) refers to stm32f4xx_hal_gpio.o(i.HAL_GPIO_WritePin) for HAL_GPIO_WritePin
    a7131.o(i.A7131_WriteID2) refers to a7131.o(i.SPI1_ReadWriteByte2) for SPI1_ReadWriteByte2
    a7131.o(i.A7131_WriteID2) refers to a7131.o(.constdata) for .constdata
    a7131.o(i.A7131_WriteReg) refers to stm32f4xx_hal_gpio.o(i.HAL_GPIO_WritePin) for HAL_GPIO_WritePin
    a7131.o(i.A7131_WriteReg) refers to a7131.o(i.SPI1_ReadWriteByte) for SPI1_ReadWriteByte
    a7131.o(i.A7131_WriteReg2) refers to stm32f4xx_hal_gpio.o(i.HAL_GPIO_WritePin) for HAL_GPIO_WritePin
    a7131.o(i.A7131_WriteReg2) refers to a7131.o(i.SPI1_ReadWriteByte2) for SPI1_ReadWriteByte2
    a7131.o(i.A7131_WriteReg_Page) refers to a7131.o(i.A7131_WriteReg) for A7131_WriteReg
    a7131.o(i.A7131_WriteReg_Page) refers to a7131.o(.constdata) for .constdata
    a7131.o(i.A7131_WriteReg_Page2) refers to a7131.o(i.A7131_WriteReg2) for A7131_WriteReg2
    a7131.o(i.A7131_WriteReg_Page2) refers to a7131.o(.constdata) for .constdata
    a7131.o(i.ByteRead) refers to a7131.o(i.SPI1_ReadWriteByte) for SPI1_ReadWriteByte
    a7131.o(i.ByteRead2) refers to a7131.o(i.SPI1_ReadWriteByte2) for SPI1_ReadWriteByte2
    a7131.o(i.ByteSend) refers to a7131.o(i.SPI1_ReadWriteByte) for SPI1_ReadWriteByte
[...]
    i.HAL_GPIO_WritePin                      0x08000aec   Section        0  stm32f4xx_hal_gpio.o(i.HAL_GPIO_WritePin)
    i.HAL_GetTick                            0x08000af8   Section        0  stm32f4xx_hal.o(i.HAL_GetTick)
    i.HAL_IncTick                            0x08000b04   Section        0  stm32f4xx_hal.o(i.HAL_IncTick)
    i.HAL_Init                               0x08000b14   Section        0  stm32f4xx_hal.o(i.HAL_Init)
    i.HAL_InitTick                           0x08000b48   Section        0  stm32f4xx_hal_timebase_tim.o(i.HAL_InitTick)
    i.HAL_MspInit                            0x08000bbc   Section        0  stm32f4xx_hal_msp.o(i.HAL_MspInit)
    i.HAL_NVIC_EnableIRQ                     0x08000bf4   Section        0  stm32f4xx_hal_cortex.o(i.HAL_NVIC_EnableIRQ)
    i.HAL_NVIC_SetPriority                   0x08000c10   Section        0  stm32f4xx_hal_cortex.o(i.HAL_NVIC_SetPriority)
    i.HAL_NVIC_SetPriorityGrouping           0x08000c50   Section        0  stm32f4xx_hal_cortex.o(i.HAL_NVIC_SetPriorityGrouping)
    i.HAL_RCC_ClockConfig                    0x08000c74   Section        0  stm32f4xx_hal_rcc.o(i.HAL_RCC_ClockConfig)
    i.HAL_RCC_GetClockConfig                 0x08000da8   Section        0  stm32f4xx_hal_rcc.o(i.HAL_RCC_GetClockConfig)
    i.HAL_RCC_GetPCLK1Freq                   0x08000de8   Section        0  stm32f4xx_hal_rcc.o(i.HAL_RCC_GetPCLK1Freq)
    i.HAL_RCC_GetPCLK2Freq                   0x08000e08   Section        0  stm32f4xx_hal_rcc.o(i.HAL_RCC_GetPCLK2Freq)
    i.HAL_RCC_GetSysClockFreq                0x08000e28   Section        0  stm32f4xx_hal_rcc.o(i.HAL_RCC_GetSysClockFreq)
    i.HAL_RCC_OscConfig                      0x08000e8c   Section        0  stm32f4xx_hal_rcc.o(i.HAL_RCC_OscConfig)
    i.HAL_SPI_Init                           0x080011e8   Section        0  stm32f4xx_hal_spi.o(i.HAL_SPI_Init)
    i.HAL_SPI_MspInit                        0x08001268   Section        0  spi.o(i.HAL_SPI_MspInit)
    i.HAL_SPI_Receive                        0x08001318   Section        0  stm32f4xx_hal_spi.o(i.HAL_SPI_Receive)
    i.HAL_SPI_Transmit                       0x08001468   Section        0  stm32f4xx_hal_spi.o(i.HAL_SPI_Transmit)
    i.HAL_SPI_TransmitReceive                0x080015c4   Section        0  stm32f4xx_hal_spi.o(i.HAL_SPI_TransmitReceive)
    i.HAL_TIMEx_BreakCallback                0x080017a6   Section        0  stm32f4xx_hal_tim_ex.o(i.HAL_TIMEx_BreakCallback)
    i.HAL_TIMEx_CommutCallback               0x080017a8   Section        0  stm32f4xx_hal_tim_ex.o(i.HAL_TIMEx_CommutCallback)
    i.HAL_TIM_Base_Init                      0x080017aa   Section        0  stm32f4xx_hal_tim.o(i.HAL_TIM_Base_Init)
    i.HAL_TIM_Base_MspInit                   0x080017e0   Section        0  stm32f4xx_hal_tim.o(i.HAL_TIM_Base_MspInit)
    i.HAL_TIM_Base_Start_IT                  0x080017e2   Section        0  stm32f4xx_hal_tim.o(i.HAL_TIM_Base_Start_IT)
    i.HAL_TIM_IC_CaptureCallback             0x08001804   Section        0  stm32f4xx_hal_tim.o(i.HAL_TIM_IC_CaptureCallback)
    i.HAL_TIM_IRQHandler                     0x08001806   Section        0  stm32f4xx_hal_tim.o(i.HAL_TIM_IRQHandler)
    i.HAL_TIM_OC_DelayElapsedCallback        0x0800196c   Section        0  stm32f4xx_hal_tim.o(i.HAL_TIM_OC_DelayElapsedCallback)
    i.HAL_TIM_PWM_PulseFinishedCallback      0x0800196e   Section        0  stm32f4xx_hal_tim.o(i.HAL_TIM_PWM_PulseFinishedCallback)
    i.HAL_TIM_PeriodElapsedCallback          0x08001970   Section        0  main.o(i.HAL_TIM_PeriodElapsedCallback)
    i.HAL_TIM_TriggerCallback                0x08001984   Section        0  stm32f4xx_hal_tim.o(i.HAL_TIM_TriggerCallback)
    i.HAL_UART_Init                          0x08001986   Section        0  stm32f4xx_hal_uart.o(i.HAL_UART_Init)
    i.HAL_UART_MspInit                       0x080019e8   Section        0  usart.o(i.HAL_UART_MspInit)
    i.HAL_UART_Transmit                      0x08001a54   Section        0  stm32f4xx_hal_uart.o(i.HAL_UART_Transmit)
    i.HardFault_Handler                      0x08001b0e   Section        0  stm32f4xx_it.o(i.HardFault_Handler)
    i.InitA7131                              0x08001b10   Section        0  a7131.o(i.InitA7131)
    i.InitA71312                             0x08001b50   Section        0  a7131.o(i.InitA71312)
    i.MX_FREERTOS_Init                       0x08001b90   Section        0  freertos.o(i.MX_FREERTOS_Init)
    i.MX_GPIO_Init                           0x08001bf0   Section        0  gpio.o(i.MX_GPIO_Init)
    i.MX_SPI1_Init                           0x08001cb8   Section        0  spi.o(i.MX_SPI1_Init)
    i.MX_SPI3_Init                           0x08001d00   Section        0  spi.o(i.MX_SPI3_Init)
    i.MX_USART1_UART_Init                    0x08001d48   Section        0  usart.o(i.MX_USART1_UART_Init)
    i.MemManage_Handler                      0x08001d80   Section        0  stm32f4xx_it.o(i.MemManage_Handler)
    i.NMI_Handler                            0x08001d82   Section        0  stm32f4xx_it.o(i.NMI_Handler)
    i.ReadFIFO                               0x08001d84   Section        0  a7131.o(i.ReadFIFO)
    i.ReadFIFO2                              0x08001dc0   Section        0  a7131.o(i.ReadFIFO2)
    i.SPI1_ReadWriteByte                     0x08001dfc   Section        0  a7131.o(i.SPI1_ReadWriteByte)
    i.SPI1_ReadWriteByte2                    0x08001e1c   Section        0  a7131.o(i.SPI1_ReadWriteByte2)
    i.SPI_EndRxTransaction                   0x08001e3c   Section        0  stm32f4xx_hal_spi.o(i.SPI_EndRxTransaction)
    SPI_EndRxTransaction                     0x08001e3d   Thumb Code    92  stm32f4xx_hal_spi.o(i.SPI_EndRxTransaction)
    i.SPI_EndRxTxTransaction                 0x08001e98   Section        0  stm32f4xx_hal_spi.o(i.SPI_EndRxTxTransaction)
    SPI_EndRxTxTransaction                   0x08001e99   Thumb Code    80  stm32f4xx_hal_spi.o(i.SPI_EndRxTxTransaction)
    i.SPI_WaitFlagStateUntilTimeout          0x08001ef0   Section        0  stm32f4xx_hal_spi.o(i.SPI_WaitFlagStateUntilTimeout)
    SPI_WaitFlagStateUntilTimeout            0x08001ef1   Thumb Code   148  stm32f4xx_hal_spi.o(i.SPI_WaitFlagStateUntilTimeout)
    i.StartTask01                            0x08001f84   Section        0  freertos.o(i.StartTask01)
    i.StartTask02                            0x08002000   Section        0  freertos.o(i.StartTask02)
    i.StartTask03                            0x08002058   Section        0  freertos.o(i.StartTask03)
    i.StrobeCmd                              0x08002084   Section        0  a7131.o(i.StrobeCmd)
    i.StrobeCmd2                             0x080020ac   Section        0  a7131.o(i.StrobeCmd2)
    i.SysTick_Handler                        0x080020d4   Section        0  port.o(i.SysTick_Handler)
    i.SystemClock_Config                     0x08002100   Section        0  main.o(i.SystemClock_Config)
    i.SystemInit                             0x08002194   Section        0  system_stm32f4xx.o(i.SystemInit)
    i.TIM7_IRQHandler                        0x080021b0   Section        0  stm32f4xx_it.o(i.TIM7_IRQHandler)
    i.TIM_Base_SetConfig                     0x080021bc   Section        0  stm32f4xx_hal_tim.o(i.TIM_Base_SetConfig)
    i.UART_SetConfig                         0x08002284   Section        0  stm32f4xx_hal_uart.o(i.UART_SetConfig)
    UART_SetConfig                           0x08002285   Thumb Code   286  stm32f4xx_hal_uart.o(i.UART_SetConfig)
    i.UART_WaitOnFlagUntilTimeout            0x080023ac   Section        0  stm32f4xx_hal_uart.o(i.UART_WaitOnFlagUntilTimeout)
    UART_WaitOnFlagUntilTimeout              0x080023ad   Thumb Code   100  stm32f4xx_hal_uart.o(i.UART_WaitOnFlagUntilTimeout)
    i.UsageFault_Handler                     0x08002410   Section        0  stm32f4xx_it.o(i.UsageFault_Handler)
    i.WriteThing                             0x08002414   Section        0  a7131.o(i.WriteThing)
    i.WriteThing2                            0x08002454   Section        0  a7131.o(i.WriteThing2)
    i.__0printf$1                            0x08002494   Section        0  printf1.o(i.__0printf$1)
    i.__NVIC_SetPriority                     0x080024b4   Section        0  stm32f4xx_hal_cortex.o(i.__NVIC_SetPriority)
    __NVIC_SetPriority                       0x080024b5   Thumb Code    32  stm32f4xx_hal_cortex.o(i.__NVIC_SetPriority)
    i.__scatterload_copy                     0x080024d4   Section       14  handlers.o(i.__scatterload_copy)
    i.__scatterload_null                     0x080024e2   Section        2  handlers.o(i.__scatterload_null)
    i.__scatterload_zeroinit                 0x080024e4   Section       14  handlers.o(i.__scatterload_zeroinit)
    i._printf_core                           0x080024f4   Section        0  printf1.o(i._printf_core)
    _printf_core                             0x080024f5   Thumb Code   336  printf1.o(i._printf_core)
    i.fputc                                  0x08002648   Section        0  main.o(i.fputc)
    i.initRF                                 0x08002664   Section        0  a7131.o(i.initRF)
    i.initRF2                                0x0800267a   Section        0  a7131.o(i.initRF2)
    i.main                                   0x08002690   Section        0  main.o(i.main)
    i.osDelay                                0x080026d8   Section        0  cmsis_os2.o(i.osDelay)
    i.osKernelInitialize                     0x0800270c   Section        0  cmsis_os2.o(i.osKernelInitialize)
    i.osKernelStart                          0x08002740   Section        0  cmsis_os2.o(i.osKernelStart)
    i.osSemaphoreAcquire                     0x0800277c   Section        0  cmsis_os2.o(i.osSemaphoreAcquire)
    i.osSemaphoreNew                         0x080027f4   Section        0  cmsis_os2.o(i.osSemaphoreNew)
    i.osSemaphoreRelease                     0x080028a4   Section        0  cmsis_os2.o(i.osSemaphoreRelease)
    i.osThreadNew                            0x08002914   Section        0  cmsis_os2.o(i.osThreadNew)
    i.prvAddCurrentTaskToDelayedList         0x080029b8   Section        0  tasks.o(i.prvAddCurrentTaskToDelayedList)
    prvAddCurrentTaskToDelayedList           0x080029b9   Thumb Code    84  tasks.o(i.prvAddCurrentTaskToDelayedList)
    i.prvAddNewTaskToReadyList               0x08002a14   Section        0  tasks.o(i.prvAddNewTaskToReadyList)
    prvAddNewTaskToReadyList                 0x08002a15   Thumb Code   190  tasks.o(i.prvAddNewTaskToReadyList)
    i.prvCheckForValidListAndQueue           0x08002ae4   Section        0  timers.o(i.prvCheckForValidListAndQueue)
    prvCheckForValidListAndQueue             0x08002ae5   Thumb Code    72  timers.o(i.prvCheckForValidListAndQueue)
    i.prvCopyDataFromQueue                   0x08002b3c   Section        0  queue.o(i.prvCopyDataFromQueue)
    prvCopyDataFromQueue                     0x08002b3d   Thumb Code    38  queue.o(i.prvCopyDataFromQueue)
    i.prvCopyDataToQueue                     0x08002b62   Section        0  queue.o(i.prvCopyDataToQueue)
    prvCopyDataToQueue                       0x08002b63   Thumb Code   108  queue.o(i.prvCopyDataToQueue)
    i.prvDeleteTCB                           0x08002bce   Section        0  tasks.o(i.prvDeleteTCB)
    prvDeleteTCB                             0x08002bcf   Thumb Code    52  tasks.o(i.prvDeleteTCB)
    i.prvHeapInit                            0x08002c04   Section        0  heap_4.o(i.prvHeapInit)
    prvHeapInit                              0x08002c05   Thumb Code    66  heap_4.o(i.prvHeapInit)
    i.prvIdleTask                            0x08002c50   Section        0  tasks.o(i.prvIdleTask)
    prvIdleTask                              0x08002c51   Thumb Code    82  tasks.o(i.prvIdleTask)
    i.prvInitialiseNewQueue                  0x08002cb0   Section        0  queue.o(i.prvInitialiseNewQueue)
    prvInitialiseNewQueue                    0x08002cb1   Thumb Code    34  queue.o(i.prvInitialiseNewQueue)
    i.prvInitialiseNewTask                   0x08002cd4   Section        0  tasks.o(i.prvInitialiseNewTask)
    prvInitialiseNewTask                     0x08002cd5   Thumb Code   176  tasks.o(i.prvInitialiseNewTask)
    i.prvInsertBlockIntoFreeList             0x08002d84   Section        0  heap_4.o(i.prvInsertBlockIntoFreeList)
    prvInsertBlockIntoFreeList               0x08002d85   Thumb Code    72  heap_4.o(i.prvInsertBlockIntoFreeList)
    i.prvInsertTimerInActiveList             0x08002dd0   Section        0  timers.o(i.prvInsertTimerInActiveList)
    prvInsertTimerInActiveList               0x08002dd1   Thumb Code    52  timers.o(i.prvInsertTimerInActiveList)
    i.prvIsQueueEmpty                        0x08002e08   Section        0  queue.o(i.prvIsQueueEmpty)
    prvIsQueueEmpty                          0x08002e09   Thumb Code    28  queue.o(i.prvIsQueueEmpty)
    i.prvProcessReceivedCommands             0x08002e24   Section        0  timers.o(i.prvProcessReceivedCommands)
    prvProcessReceivedCommands               0x08002e25   Thumb Code   248  timers.o(i.prvProcessReceivedCommands)
    i.prvProcessTimerOrBlockTask             0x08002f20   Section        0  timers.o(i.prvProcessTimerOrBlockTask)
    prvProcessTimerOrBlockTask               0x08002f21   Thumb Code   182  timers.o(i.prvProcessTimerOrBlockTask)
    i.prvResetNextTaskUnblockTime            0x08002fe0   Section        0  tasks.o(i.prvResetNextTaskUnblockTime)
    prvResetNextTaskUnblockTime              0x08002fe1   Thumb Code    26  tasks.o(i.prvResetNextTaskUnblockTime)
    i.prvSampleTimeNow                       0x08003000   Section        0  timers.o(i.prvSampleTimeNow)
    prvSampleTimeNow                         0x08003001   Thumb Code    36  timers.o(i.prvSampleTimeNow)
    i.prvSwitchTimerLists                    0x08003028   Section        0  timers.o(i.prvSwitchTimerLists)
    prvSwitchTimerLists                      0x08003029   Thumb Code   104  timers.o(i.prvSwitchTimerLists)
    i.prvTaskExitError                       0x08003094   Section        0  port.o(i.prvTaskExitError)
    prvTaskExitError                         0x08003095   Thumb Code    36  port.o(i.prvTaskExitError)
    i.prvTimerTask                           0x080030bc   Section        0  timers.o(i.prvTimerTask)
    prvTimerTask                             0x080030bd   Thumb Code    32  timers.o(i.prvTimerTask)
    i.prvUnlockQueue                         0x080030e0   Section        0  queue.o(i.prvUnlockQueue)
    prvUnlockQueue                           0x080030e1   Thumb Code   106  queue.o(i.prvUnlockQueue)
    i.pvPortMalloc                           0x0800314c   Section        0  heap_4.o(i.pvPortMalloc)
    i.pvTaskIncrementMutexHeldCount          0x08003224   Section        0  tasks.o(i.pvTaskIncrementMutexHeldCount)
    i.pxPortInitialiseStack                  0x0800323c   Section        0  port.o(i.pxPortInitialiseStack)
    i.uxListRemove                           0x08003268   Section        0  list.o(i.uxListRemove)
    i.vApplicationGetIdleTaskMemory          0x08003290   Section        0  cmsis_os2.o(i.vApplicationGetIdleTaskMemory)
    i.vApplicationGetTimerTaskMemory         0x080032a4   Section        0  cmsis_os2.o(i.vApplicationGetTimerTaskMemory)
    i.vListInitialise                        0x080032bc   Section        0  list.o(i.vListInitialise)
    i.vListInitialiseItem                    0x080032d2   Section        0  list.o(i.vListInitialiseItem)
    i.vListInsert                            0x080032d8   Section        0  list.o(i.vListInsert)
    i.vListInsertEnd                         0x08003308   Section        0  list.o(i.vListInsertEnd)
    i.vPortEnterCritical                     0x08003320   Section        0  port.o(i.vPortEnterCritical)
    i.vPortExitCritical                      0x08003360   Section        0  port.o(i.vPortExitCritical)
    i.vPortFree                              0x08003388   Section        0  heap_4.o(i.vPortFree)
    i.vPortSetupTimerInterrupt               0x080033e4   Section        0  port.o(i.vPortSetupTimerInterrupt)
    i.vPortValidateInterruptPriority         0x08003408   Section        0  port.o(i.vPortValidateInterruptPriority)
    i.vQueueAddToRegistry                    0x0800345c   Section        0  queue.o(i.vQueueAddToRegistry)
    i.vQueueDelete                           0x08003484   Section        0  queue.o(i.vQueueDelete)
    i.vQueueUnregisterQueue                  0x080034b4   Section        0  queue.o(i.vQueueUnregisterQueue)
    i.vQueueWaitForMessageRestricted         0x080034dc   Section        0  queue.o(i.vQueueWaitForMessageRestricted)
    i.vTaskDelay                             0x08003520   Section        0  tasks.o(i.vTaskDelay)
    i.vTaskInternalSetTimeOutState           0x0800356c   Section        0  tasks.o(i.vTaskInternalSetTimeOutState)
    i.vTaskMissedYield                       0x0800357c   Section        0  tasks.o(i.vTaskMissedYield)
    i.vTaskPlaceOnEventList                  0x08003588   Section        0  tasks.o(i.vTaskPlaceOnEventList)
    i.vTaskPlaceOnEventListRestricted        0x080035b8   Section        0  tasks.o(i.vTaskPlaceOnEventListRestricted)
    i.vTaskPriorityDisinheritAfterTimeout    0x080035f0   Section        0  tasks.o(i.vTaskPriorityDisinheritAfterTimeout)
    i.vTaskStartScheduler                    0x08003680   Section        0  tasks.o(i.vTaskStartScheduler)
    i.vTaskSuspendAll                        0x08003708   Section        0  tasks.o(i.vTaskSuspendAll)
    i.vTaskSwitchContext                     0x08003718   Section        0  tasks.o(i.vTaskSwitchContext)
    i.xPortStartScheduler                    0x0800377c   Section        0  port.o(i.xPortStartScheduler)
    i.xQueueCreateCountingSemaphore          0x08003870   Section        0  queue.o(i.xQueueCreateCountingSemaphore)
    i.xQueueCreateCountingSemaphoreStatic    0x080038aa   Section        0  queue.o(i.xQueueCreateCountingSemaphoreStatic)
    i.xQueueGenericCreate                    0x080038ea   Section        0  queue.o(i.xQueueGenericCreate)
    i.xQueueGenericCreateStatic              0x08003932   Section        0  queue.o(i.xQueueGenericCreateStatic)
    i.xQueueGenericReset                     0x08003998   Section        0  queue.o(i.xQueueGenericReset)
    i.xQueueGenericSend                      0x08003a20   Section        0  queue.o(i.xQueueGenericSend)
    i.xQueueGenericSendFromISR               0x08003b80   Section        0  queue.o(i.xQueueGenericSendFromISR)
    i.xQueueGiveFromISR                      0x08003c3c   Section        0  queue.o(i.xQueueGiveFromISR)
    i.xQueueReceive                          0x08003cd8   Section        0  queue.o(i.xQueueReceive)
    i.xQueueReceiveFromISR                   0x08003e10   Section        0  queue.o(i.xQueueReceiveFromISR)
    i.xQueueSemaphoreTake                    0x08003eac   Section        0  queue.o(i.xQueueSemaphoreTake)
    i.xTaskCheckForTimeOut                   0x08004024   Section        0  tasks.o(i.xTaskCheckForTimeOut)
    i.xTaskCreate                            0x08004098   Section        0  tasks.o(i.xTaskCreate)
    i.xTaskCreateStatic                      0x080040f2   Section        0  tasks.o(i.xTaskCreateStatic)
    i.xTaskGetSchedulerState                 0x08004148   Section        0  tasks.o(i.xTaskGetSchedulerState)
    i.xTaskGetTickCount                      0x08004164   Section        0  tasks.o(i.xTaskGetTickCount)
    i.xTaskIncrementTick                     0x08004170   Section        0  tasks.o(i.xTaskIncrementTick)
    i.xTaskPriorityDisinherit                0x08004238   Section        0  tasks.o(i.xTaskPriorityDisinherit)
    i.xTaskPriorityInherit                   0x080042b8   Section        0  tasks.o(i.xTaskPriorityInherit)
    i.xTaskRemoveFromEventList               0x08004330   Section        0  tasks.o(i.xTaskRemoveFromEventList)
    i.xTaskResumeAll                         0x080043a0   Section        0  tasks.o(i.xTaskResumeAll)
    i.xTimerCreateTimerTask                  0x08004464   Section        0  timers.o(i.xTimerCreateTimerTask)
    i.xTimerGenericCommand                   0x080044c4   Section        0  timers.o(i.xTimerGenericCommand)
    .constdata                               0x0800452c   Section      284  a7131.o(.constdata)
    .constdata                               0x08004648   Section      140  freertos.o(.constdata)
    .constdata                               0x080046d4   Section       16  system_stm32f4xx.o(.constdata)
    .constdata                               0x080046e4   Section        8  system_stm32f4xx.o(.constdata)
    .conststring                             0x080046ec   Section       31  freertos.o(.conststring)
    .data                                    0x20000000   Section       28  freertos.o(.data)
    .data                                    0x2000001c   Section       12  stm32f4xx_hal.o(.data)
    .data                                    0x20000028   Section        4  system_stm32f4xx.o(.data)
    .data                                    0x2000002c   Section       60  tasks.o(.data)
    pxDelayedTaskList                        0x20000030   Data           4  tasks.o(.data)
    pxOverflowDelayedTaskList                0x20000034   Data           4  tasks.o(.data)
    uxDeletedTasksWaitingCleanUp             0x20000038   Data           4  tasks.o(.data)
    uxCurrentNumberOfTasks                   0x2000003c   Data           4  tasks.o(.data)
    xTickCount                               0x20000040   Data           4  tasks.o(.data)
    uxTopReadyPriority                       0x20000044   Data           4  tasks.o(.data)
    xSchedulerRunning                        0x20000048   Data           4  tasks.o(.data)
    uxPendedTicks                            0x2000004c   Data           4  tasks.o(.data)
    xYieldPending                            0x20000050   Data           4  tasks.o(.data)
    xNumOfOverflows                          0x20000054   Data           4  tasks.o(.data)
    uxTaskNumber                             0x20000058   Data           4  tasks.o(.data)
    xNextTaskUnblockTime                     0x2000005c   Data           4  tasks.o(.data)
    xIdleTaskHandle                          0x20000060   Data           4  tasks.o(.data)
    uxSchedulerSuspended                     0x20000064   Data           4  tasks.o(.data)
    .data                                    0x20000068   Section       20  timers.o(.data)
    pxCurrentTimerList                       0x20000068   Data           4  timers.o(.data)
    pxOverflowTimerList                      0x2000006c   Data           4  timers.o(.data)
    xTimerQueue                              0x20000070   Data           4  timers.o(.data)
    xTimerTaskHandle                         0x20000074   Data           4  timers.o(.data)
    xLastTime                                0x20000078   Data           4  timers.o(.data)
    .data                                    0x2000007c   Section        4  cmsis_os2.o(.data)
    KernelState                              0x2000007c   Data           4  cmsis_os2.o(.data)
    .data                                    0x20000080   Section       24  heap_4.o(.data)
    pxEnd                                    0x20000080   Data           4  heap_4.o(.data)
    xFreeBytesRemaining                      0x20000084   Data           4  heap_4.o(.data)
    xMinimumEverFreeBytesRemaining           0x20000088   Data           4  heap_4.o(.data)
    xBlockAllocatedBit                       0x2000008c   Data           4  heap_4.o(.data)
    xStart                                   0x20000090   Data           8  heap_4.o(.data)
    .data                                    0x20000098   Section       12  port.o(.data)
    ucMaxSysCallPriority                     0x20000098   Data           1  port.o(.data)
    uxCriticalNesting                        0x2000009c   Data           4  port.o(.data)
    ulMaxPRIGROUPValue                       0x200000a0   Data           4  port.o(.data)
    .data                                    0x200000a4   Section        4  stdout.o(.data)
    .bss                                     0x200000a8   Section      128  a7131.o(.bss)
    .bss                                     0x20000128   Section       64  freertos.o(.bss)
    .bss                                     0x20000168   Section      176  spi.o(.bss)
    .bss                                     0x20000218   Section       64  usart.o(.bss)
    .bss                                     0x20000258   Section       64  stm32f4xx_hal_timebase_tim.o(.bss)
    .bss                                     0x20000298   Section       64  queue.o(.bss)
    .bss                                     0x200002d8   Section     1220  tasks.o(.bss)
    pxReadyTasksLists                        0x200002d8   Data        1120  tasks.o(.bss)
    xDelayedTaskList1                        0x20000738   Data          20  tasks.o(.bss)
    xDelayedTaskList2                        0x2000074c   Data          20  tasks.o(.bss)
    xPendingReadyList                        0x20000760   Data          20  tasks.o(.bss)
    xTasksWaitingTermination                 0x20000774   Data          20  tasks.o(.bss)
    xSuspendedTaskList                       0x20000788   Data          20  tasks.o(.bss)
    .bss                                     0x2000079c   Section      280  timers.o(.bss)
    xActiveTimerList1                        0x2000079c   Data          20  timers.o(.bss)
    xActiveTimerList2                        0x200007b0   Data          20  timers.o(.bss)
    xStaticTimerQueue                        0x200007c4   Data          80  timers.o(.bss)
    ucStaticTimerQueueStorage                0x20000814   Data         160  timers.o(.bss)
    .bss                                     0x200008b4   Section     1720  cmsis_os2.o(.bss)
    Idle_TCB                                 0x200008b4   Data          92  cmsis_os2.o(.bss)
    Idle_Stack                               0x20000910   Data         512  cmsis_os2.o(.bss)
    Timer_TCB                                0x20000b10   Data          92  cmsis_os2.o(.bss)
    Timer_Stack                              0x20000b6c   Data        1024  cmsis_os2.o(.bss)
    .bss                                     0x20000f6c   Section    15360  heap_4.o(.bss)
    ucHeap                                   0x20000f6c   Data       15360  heap_4.o(.bss)
    STACK                                    0x20004b70   Section     1024  startup_stm32f407xx.o(STACK)

    Global Symbols

    Symbol Name                              Value     Ov Type        Size  Object(Section)

    BuildAttributes$$THM_ISAv4$E$P$D$K$B$S$7EM$VFPi3$EXTD16$VFPS$VFMA$PE$A:L22UL41UL21$X:L11$S22US41US21$IEEE1$IW$USESV6$~STKCKD$USESV7$~SHL$OSPACE$ROPI$EBA8$MICROLIB$REQ8$PRES8$EABIv2 0x00000000   Number         0  anon$$obj.o ABSOLUTE
    __ARM_use_no_argv                        0x00000000   Number         0  main.o ABSOLUTE
    _printf_a                                0x00000000   Number         0  stubs.o ABSOLUTE
    _printf_c                                0x00000000   Number         0  stubs.o ABSOLUTE
    _printf_charcount                        0x00000000   Number         0  stubs.o ABSOLUTE
    _printf_d                                0x00000000   Number         0  stubs.o ABSOLUTE
    _printf_e                                0x00000000   Number         0  stubs.o ABSOLUTE
    _printf_f                                0x00000000   Number         0  stubs.o ABSOLUTE
    _printf_flags                            0x00000000   Number         0  stubs.o ABSOLUTE
    _printf_fp_dec                           0x00000000   Number         0  stubs.o ABSOLUTE
    _printf_fp_hex                           0x00000000   Number         0  stubs.o ABSOLUTE
    _printf_g                                0x00000000   Number         0  stubs.o ABSOLUTE
    _printf_i                                0x00000000   Number         0  stubs.o ABSOLUTE
    _printf_int_dec                          0x00000000   Number         0  stubs.o ABSOLUTE
    _printf_l                                0x00000000   Number         0  stubs.o ABSOLUTE
    _printf_lc                               0x00000000   Number         0  stubs.o ABSOLUTE
    _printf_ll                               0x00000000   Number         0  stubs.o ABSOLUTE
    _printf_lld                              0x00000000   Number         0  stubs.o ABSOLUTE
    _printf_lli                              0x00000000   Number         0  stubs.o ABSOLUTE
    _printf_llo                              0x00000000   Number         0  stubs.o ABSOLUTE
    _printf_llu                              0x00000000   Number         0  stubs.o ABSOLUTE
    _printf_llx                              0x00000000   Number         0  stubs.o ABSOLUTE
    _printf_longlong_dec                     0x00000000   Number         0  stubs.o ABSOLUTE
    _printf_longlong_hex                     0x00000000   Number         0  stubs.o ABSOLUTE
    _printf_longlong_oct                     0x00000000   Number         0  stubs.o ABSOLUTE
    _printf_ls                               0x00000000   Number         0  stubs.o ABSOLUTE
    _printf_mbtowc                           0x00000000   Number         0  stubs.o ABSOLUTE
    _printf_n                                0x00000000   Number         0  stubs.o ABSOLUTE
    _printf_o                                0x00000000   Number         0  stubs.o ABSOLUTE
    _printf_p                                0x00000000   Number         0  stubs.o ABSOLUTE
    _printf_percent                          0x00000000   Number         0  stubs.o ABSOLUTE
    _printf_pre_padding                      0x00000000   Number         0  stubs.o ABSOLUTE
    _printf_return_value                     0x00000000   Number         0  stubs.o ABSOLUTE
    _printf_s                                0x00000000   Number         0  stubs.o ABSOLUTE
    _printf_sizespec                         0x00000000   Number         0  stubs.o ABSOLUTE
    _printf_str                              0x00000000   Number         0  stubs.o ABSOLUTE
    _printf_truncate_signed                  0x00000000   Number         0  stubs.o ABSOLUTE
    _printf_truncate_unsigned                0x00000000   Number         0  stubs.o ABSOLUTE
    _printf_u                                0x00000000   Number         0  stubs.o ABSOLUTE
    _printf_wc                               0x00000000   Number         0  stubs.o ABSOLUTE
    _printf_wctomb                           0x00000000   Number         0  stubs.o ABSOLUTE
    _printf_widthprec                        0x00000000   Number         0  stubs.o ABSOLUTE
    _printf_x                                0x00000000   Number         0  stubs.o ABSOLUTE
    __arm_fini_                               - Undefined Weak Reference
    __cpp_initialize__aeabi_                  - Undefined Weak Reference
    __cxa_finalize                            - Undefined Weak Reference
    __decompress                              - Undefined Weak Reference
    _clock_init                               - Undefined Weak Reference
    _microlib_exit                            - Undefined Weak Reference
    __Vectors_Size                           0x00000188   Number         0  startup_stm32f407xx.o ABSOLUTE
    __Vectors                                0x08000000   Data           4  startup_stm32f407xx.o(RESET)
    __Vectors_End                            0x08000188   Data           0  startup_stm32f407xx.o(RESET)
    __main                                   0x08000189   Thumb Code     0  entry.o(.ARM.Collect$$$$00000000)
    _main_stk                                0x08000189   Thumb Code     0  entry2.o(.ARM.Collect$$$$00000001)
    _main_scatterload                        0x0800018d   Thumb Code     0  entry5.o(.ARM.Collect$$$$00000004)
    __main_after_scatterload                 0x08000191   Thumb Code     0  entry5.o(.ARM.Collect$$$$00000004)
    _main_clock                              0x08000191   Thumb Code     0  entry7b.o(.ARM.Collect$$$$00000008)
    _main_cpp_init                           0x08000191   Thumb Code     0  entry8b.o(.ARM.Collect$$$$0000000A)
    _main_init                               0x08000191   Thumb Code     0  entry9a.o(.ARM.Collect$$$$0000000B)
    __rt_lib_shutdown_fini                   0x08000199   Thumb Code     0  entry12b.o(.ARM.Collect$$$$0000000E)
    __rt_final_cpp                           0x0800019d   Thumb Code     0  entry10a.o(.ARM.Collect$$$$0000000F)
    __rt_final_exit                          0x0800019d   Thumb Code     0  entry11a.o(.ARM.Collect$$$$00000011)
    SVC_Handler                              0x080001a1   Thumb Code    28  port.o(.emb_text)
    __asm___6_port_c_39a90d8d__prvStartFirstTask 0x080001c1   Thumb Code    36  port.o(.emb_text)
    __asm___6_port_c_39a90d8d__prvEnableVFP  0x080001e9   Thumb Code    16  port.o(.emb_text)
    PendSV_Handler                           0x080001fd   Thumb Code    88  port.o(.emb_text)
    vPortGetIPSR                             0x08000259   Thumb Code     6  port.o(.emb_text)
    Reset_Handler                            0x08000261   Thumb Code     8  startup_stm32f407xx.o(.text)
    ADC_IRQHandler                           0x0800027b   Thumb Code     0  startup_stm32f407xx.o(.text)
    CAN1_RX0_IRQHandler                      0x0800027b   Thumb Code     0  startup_stm32f407xx.o(.text)
    CAN1_RX1_IRQHandler                      0x0800027b   Thumb Code     0  startup_stm32f407xx.o(.text)
    CAN1_SCE_IRQHandler                      0x0800027b   Thumb Code     0  startup_stm32f407xx.o(.text)
    CAN1_TX_IRQHandler                       0x0800027b   Thumb Code     0  startup_stm32f407xx.o(.text)
    CAN2_RX0_IRQHandler                      0x0800027b   Thumb Code     0  startup_stm32f407xx.o(.text)
    CAN2_RX1_IRQHandler                      0x0800027b   Thumb Code     0  startup_stm32f407xx.o(.text)
    CAN2_SCE_IRQHandler                      0x0800027b   Thumb Code     0  startup_stm32f407xx.o(.text)
    CAN2_TX_IRQHandler                       0x0800027b   Thumb Code     0  startup_stm32f407xx.o(.text)
    DCMI_IRQHandler                          0x0800027b   Thumb Code     0  startup_stm32f407xx.o(.text)
    DMA1_Stream0_IRQHandler                  0x0800027b   Thumb Code     0  startup_stm32f407xx.o(.text)
    DMA1_Stream1_IRQHandler                  0x0800027b   Thumb Code     0  startup_stm32f407xx.o(.text)
    DMA1_Stream2_IRQHandler                  0x0800027b   Thumb Code     0  startup_stm32f407xx.o(.text)
    DMA1_Stream3_IRQHandler                  0x0800027b   Thumb Code     0  startup_stm32f407xx.o(.text)
    DMA1_Stream4_IRQHandler                  0x0800027b   Thumb Code     0  startup_stm32f407xx.o(.text)
    DMA1_Stream5_IRQHandler                  0x0800027b   Thumb Code     0  startup_stm32f407xx.o(.text)
    DMA1_Stream6_IRQHandler                  0x0800027b   Thumb Code     0  startup_stm32f407xx.o(.text)
    DMA1_Stream7_IRQHandler                  0x0800027b   Thumb Code     0  startup_stm32f407xx.o(.text)
    DMA2_Stream0_IRQHandler                  0x0800027b   Thumb Code     0  startup_stm32f407xx.o(.text)
    DMA2_Stream1_IRQHandler                  0x0800027b   Thumb Code     0  startup_stm32f407xx.o(.text)
    DMA2_Stream2_IRQHandler                  0x0800027b   Thumb Code     0  startup_stm32f407xx.o(.text)
    DMA2_Stream3_IRQHandler                  0x0800027b   Thumb Code     0  startup_stm32f407xx.o(.text)
    DMA2_Stream4_IRQHandler                  0x0800027b   Thumb Code     0  startup_stm32f407xx.o(.text)
    DMA2_Stream5_IRQHandler                  0x0800027b   Thumb Code     0  startup_stm32f407xx.o(.text)
    DMA2_Stream6_IRQHandler                  0x0800027b   Thumb Code     0  startup_stm32f407xx.o(.text)
    DMA2_Stream7_IRQHandler                  0x0800027b   Thumb Code     0  startup_stm32f407xx.o(.text)
    ETH_IRQHandler                           0x0800027b   Thumb Code     0  startup_stm32f407xx.o(.text)
    ETH_WKUP_IRQHandler                      0x0800027b   Thumb Code     0  startup_stm32f407xx.o(.text)
    EXTI0_IRQHandler                         0x0800027b   Thumb Code     0  startup_stm32f407xx.o(.text)
    EXTI15_10_IRQHandler                     0x0800027b   Thumb Code     0  startup_stm32f407xx.o(.text)
    EXTI2_IRQHandler                         0x0800027b   Thumb Code     0  startup_stm32f407xx.o(.text)
    EXTI3_IRQHandler                         0x0800027b   Thumb Code     0  startup_stm32f407xx.o(.text)
    EXTI9_5_IRQHandler                       0x0800027b   Thumb Code     0  startup_stm32f407xx.o(.text)
    FLASH_IRQHandler                         0x0800027b   Thumb Code     0  startup_stm32f407xx.o(.text)
    FMC_IRQHandler                           0x0800027b   Thumb Code     0  startup_stm32f407xx.o(.text)
    FPU_IRQHandler                           0x0800027b   Thumb Code     0  startup_stm32f407xx.o(.text)
    HASH_RNG_IRQHandler                      0x0800027b   Thumb Code     0  startup_stm32f407xx.o(.text)
    I2C1_ER_IRQHandler                       0x0800027b   Thumb Code     0  startup_stm32f407xx.o(.text)
    I2C1_EV_IRQHandler                       0x0800027b   Thumb Code     0  startup_stm32f407xx.o(.text)
    I2C2_ER_IRQHandler                       0x0800027b   Thumb Code     0  startup_stm32f407xx.o(.text)
    I2C2_EV_IRQHandler                       0x0800027b   Thumb Code     0  startup_stm32f407xx.o(.text)
    I2C3_ER_IRQHandler                       0x0800027b   Thumb Code     0  startup_stm32f407xx.o(.text)
    I2C3_EV_IRQHandler                       0x0800027b   Thumb Code     0  startup_stm32f407xx.o(.text)
    OTG_FS_IRQHandler                        0x0800027b   Thumb Code     0  startup_stm32f407xx.o(.text)
    OTG_FS_WKUP_IRQHandler                   0x0800027b   Thumb Code     0  startup_stm32f407xx.o(.text)
    OTG_HS_EP1_IN_IRQHandler                 0x0800027b   Thumb Code     0  startup_stm32f407xx.o(.text)
    OTG_HS_EP1_OUT_IRQHandler                0x0800027b   Thumb Code     0  startup_stm32f407xx.o(.text)
    OTG_HS_IRQHandler                        0x0800027b   Thumb Code     0  startup_stm32f407xx.o(.text)
    OTG_HS_WKUP_IRQHandler                   0x0800027b   Thumb Code     0  startup_stm32f407xx.o(.text)
    PVD_IRQHandler                           0x0800027b   Thumb Code     0  startup_stm32f407xx.o(.text)
    RCC_IRQHandler                           0x0800027b   Thumb Code     0  startup_stm32f407xx.o(.text)
    RTC_Alarm_IRQHandler                     0x0800027b   Thumb Code     0  startup_stm32f407xx.o(.text)
    RTC_WKUP_IRQHandler                      0x0800027b   Thumb Code     0  startup_stm32f407xx.o(.text)
    SDIO_IRQHandler                          0x0800027b   Thumb Code     0  startup_stm32f407xx.o(.text)
    SPI1_IRQHandler                          0x0800027b   Thumb Code     0  startup_stm32f407xx.o(.text)
    SPI2_IRQHandler                          0x0800027b   Thumb Code     0  startup_stm32f407xx.o(.text)
    SPI3_IRQHandler                          0x0800027b   Thumb Code     0  startup_stm32f407xx.o(.text)
    TAMP_STAMP_IRQHandler                    0x0800027b   Thumb Code     0  startup_stm32f407xx.o(.text)
    TIM1_BRK_TIM9_IRQHandler                 0x0800027b   Thumb Code     0  startup_stm32f407xx.o(.text)
    TIM1_CC_IRQHandler                       0x0800027b   Thumb Code     0  startup_stm32f407xx.o(.text)
    TIM1_TRG_COM_TIM11_IRQHandler            0x0800027b   Thumb Code     0  startup_stm32f407xx.o(.text)
    TIM1_UP_TIM10_IRQHandler                 0x0800027b   Thumb Code     0  startup_stm32f407xx.o(.text)
    TIM2_IRQHandler                          0x0800027b   Thumb Code     0  startup_stm32f407xx.o(.text)
    TIM3_IRQHandler                          0x0800027b   Thumb Code     0  startup_stm32f407xx.o(.text)
    TIM4_IRQHandler                          0x0800027b   Thumb Code     0  startup_stm32f407xx.o(.text)
    TIM5_IRQHandler                          0x0800027b   Thumb Code     0  startup_stm32f407xx.o(.text)
    TIM6_DAC_IRQHandler                      0x0800027b   Thumb Code     0  startup_stm32f407xx.o(.text)
    TIM8_BRK_TIM12_IRQHandler                0x0800027b   Thumb Code     0  startup_stm32f407xx.o(.text)
    TIM8_CC_IRQHandler                       0x0800027b   Thumb Code     0  startup_stm32f407xx.o(.text)
    TIM8_TRG_COM_TIM14_IRQHandler            0x0800027b   Thumb Code     0  startup_stm32f407xx.o(.text)
    TIM8_UP_TIM13_IRQHandler                 0x0800027b   Thumb Code     0  startup_stm32f407xx.o(.text)
    UART4_IRQHandler                         0x0800027b   Thumb Code     0  startup_stm32f407xx.o(.text)
    UART5_IRQHandler                         0x0800027b   Thumb Code     0  startup_stm32f407xx.o(.text)
    USART1_IRQHandler                        0x0800027b   Thumb Code     0  startup_stm32f407xx.o(.text)
    USART2_IRQHandler                        0x0800027b   Thumb Code     0  startup_stm32f407xx.o(.text)
    USART3_IRQHandler                        0x0800027b   Thumb Code     0  startup_stm32f407xx.o(.text)
    USART6_IRQHandler                        0x0800027b   Thumb Code     0  startup_stm32f407xx.o(.text)
    WWDG_IRQHandler                          0x0800027b   Thumb Code     0  startup_stm32f407xx.o(.text)
    __aeabi_uldivmod                         0x08000285   Thumb Code    98  uldiv.o(.text)
    __aeabi_memcpy                           0x080002e7   Thumb Code    36  memcpya.o(.text)
    __aeabi_memcpy4                          0x080002e7   Thumb Code     0  memcpya.o(.text)
    __aeabi_memcpy8                          0x080002e7   Thumb Code     0  memcpya.o(.text)
    __aeabi_memset                           0x0800030b   Thumb Code    14  memseta.o(.text)
    __aeabi_memset4                          0x0800030b   Thumb Code     0  memseta.o(.text)
    __aeabi_memset8                          0x0800030b   Thumb Code     0  memseta.o(.text)
    __aeabi_memclr                           0x08000319   Thumb Code     4  memseta.o(.text)
    __aeabi_memclr4                          0x08000319   Thumb Code     0  memseta.o(.text)
    __aeabi_memclr8                          0x08000319   Thumb Code     0  memseta.o(.text)
    memset                                   0x0800031d   Thumb Code    18  memseta.o(.text)
    __aeabi_uidiv                            0x0800032f   Thumb Code     0  uidiv.o(.text)
    __aeabi_uidivmod                         0x0800032f   Thumb Code    44  uidiv.o(.text)
    __aeabi_llsl                             0x0800035b   Thumb Code    30  llshl.o(.text)
    _ll_shift_l                              0x0800035b   Thumb Code     0  llshl.o(.text)
    __aeabi_llsr                             0x08000379   Thumb Code    32  llushr.o(.text)
    _ll_ushift_r                             0x08000379   Thumb Code     0  llushr.o(.text)
    __scatterload                            0x08000399   Thumb Code    28  init.o(.text)
    __scatterload_rt2                        0x08000399   Thumb Code     0  init.o(.text)
    A7131_Cal                                0x080003bd   Thumb Code   172  a7131.o(i.A7131_Cal)
    A7131_Cal2                               0x08000469   Thumb Code   172  a7131.o(i.A7131_Cal2)
    A7131_Config                             0x08000515   Thumb Code   154  a7131.o(i.A7131_Config)
    A7131_Config2                            0x080005b5   Thumb Code   154  a7131.o(i.A7131_Config2)
    A7131_ReadReg                            0x08000655   Thumb Code    46  a7131.o(i.A7131_ReadReg)
    A7131_ReadReg2                           0x08000689   Thumb Code    46  a7131.o(i.A7131_ReadReg2)
    A7131_Reset                              0x080006bd   Thumb Code     8  a7131.o(i.A7131_Reset)
    A7131_Reset2                             0x080006c5   Thumb Code     8  a7131.o(i.A7131_Reset2)
    A7131_WriteID                            0x080006cd   Thumb Code    54  a7131.o(i.A7131_WriteID)
    A7131_WriteID2                           0x0800070d   Thumb Code    54  a7131.o(i.A7131_WriteID2)
    A7131_WriteReg                           0x0800074d   Thumb Code    44  a7131.o(i.A7131_WriteReg)
    A7131_WriteReg2                          0x0800077d   Thumb Code    44  a7131.o(i.A7131_WriteReg2)
    A7131_WriteReg_Page                      0x080007ad   Thumb Code    28  a7131.o(i.A7131_WriteReg_Page)
    A7131_WriteReg_Page2                     0x080007cd   Thumb Code    28  a7131.o(i.A7131_WriteReg_Page2)
    BusFault_Handler                         0x080007ed   Thumb Code     2  stm32f4xx_it.o(i.BusFault_Handler)
    CHGroupCal                               0x080007ef   Thumb Code    74  a7131.o(i.CHGroupCal)
    CHGroupCal2                              0x08000839   Thumb Code    74  a7131.o(i.CHGroupCal2)
    DebugMon_Handler                         0x08000883   Thumb Code     2  stm32f4xx_it.o(i.DebugMon_Handler)
    EXTI1_IRQHandler                         0x08000885   Thumb Code     6  stm32f4xx_it.o(i.EXTI1_IRQHandler)
    EXTI4_IRQHandler                         0x0800088b   Thumb Code     6  stm32f4xx_it.o(i.EXTI4_IRQHandler)
    Err_State                                0x08000891   Thumb Code    22  a7131.o(i.Err_State)
    Err_State2                               0x080008b5   Thumb Code    22  a7131.o(i.Err_State2)
    Error_Handler                            0x080008d1   Thumb Code     4  main.o(i.Error_Handler)
    HAL_Delay                                0x080008d5   Thumb Code    32  stm32f4xx_hal.o(i.HAL_Delay)
    HAL_GPIO_EXTI_Callback                   0x080008f9   Thumb Code    32  freertos.o(i.HAL_GPIO_EXTI_Callback)
    HAL_GPIO_EXTI_IRQHandler                 0x0800091d   Thumb Code    18  stm32f4xx_hal_gpio.o(i.HAL_GPIO_EXTI_IRQHandler)
    HAL_GPIO_Init                            0x08000935   Thumb Code   394  stm32f4xx_hal_gpio.o(i.HAL_GPIO_Init)
    HAL_GPIO_WritePin                        0x08000aed   Thumb Code    10  stm32f4xx_hal_gpio.o(i.HAL_GPIO_WritePin)
    HAL_GetTick                              0x08000af9   Thumb Code     6  stm32f4xx_hal.o(i.HAL_GetTick)
    HAL_IncTick                              0x08000b05   Thumb Code    12  stm32f4xx_hal.o(i.HAL_IncTick)
    HAL_Init                                 0x08000b15   Thumb Code    48  stm32f4xx_hal.o(i.HAL_Init)
    HAL_InitTick                             0x08000b49   Thumb Code   100  stm32f4xx_hal_timebase_tim.o(i.HAL_InitTick)
    HAL_MspInit                              0x08000bbd   Thumb Code    52  stm32f4xx_hal_msp.o(i.HAL_MspInit)
    HAL_NVIC_EnableIRQ                       0x08000bf5   Thumb Code    26  stm32f4xx_hal_cortex.o(i.HAL_NVIC_EnableIRQ)
    HAL_NVIC_SetPriority                     0x08000c11   Thumb Code    60  stm32f4xx_hal_cortex.o(i.HAL_NVIC_SetPriority)
    HAL_NVIC_SetPriorityGrouping             0x08000c51   Thumb Code    26  stm32f4xx_hal_cortex.o(i.HAL_NVIC_SetPriorityGrouping)
    HAL_RCC_ClockConfig                      0x08000c75   Thumb Code   288  stm32f4xx_hal_rcc.o(i.HAL_RCC_ClockConfig)
    HAL_RCC_GetClockConfig                   0x08000da9   Thumb Code    54  stm32f4xx_hal_rcc.o(i.HAL_RCC_GetClockConfig)
    HAL_RCC_GetPCLK1Freq                     0x08000de9   Thumb Code    20  stm32f4xx_hal_rcc.o(i.HAL_RCC_GetPCLK1Freq)
    HAL_RCC_GetPCLK2Freq                     0x08000e09   Thumb Code    20  stm32f4xx_hal_rcc.o(i.HAL_RCC_GetPCLK2Freq)
    HAL_RCC_GetSysClockFreq                  0x08000e29   Thumb Code    88  stm32f4xx_hal_rcc.o(i.HAL_RCC_GetSysClockFreq)
    HAL_RCC_OscConfig                        0x08000e8d   Thumb Code   840  stm32f4xx_hal_rcc.o(i.HAL_RCC_OscConfig)
    HAL_SPI_Init                             0x080011e9   Thumb Code   128  stm32f4xx_hal_spi.o(i.HAL_SPI_Init)
    HAL_SPI_MspInit                          0x08001269   Thumb Code   156  spi.o(i.HAL_SPI_MspInit)
    HAL_SPI_Receive                          0x08001319   Thumb Code   336  stm32f4xx_hal_spi.o(i.HAL_SPI_Receive)
    HAL_SPI_Transmit                         0x08001469   Thumb Code   348  stm32f4xx_hal_spi.o(i.HAL_SPI_Transmit)
    HAL_SPI_TransmitReceive                  0x080015c5   Thumb Code   482  stm32f4xx_hal_spi.o(i.HAL_SPI_TransmitReceive)
    HAL_TIMEx_BreakCallback                  0x080017a7   Thumb Code     2  stm32f4xx_hal_tim_ex.o(i.HAL_TIMEx_BreakCallback)
    HAL_TIMEx_CommutCallback                 0x080017a9   Thumb Code     2  stm32f4xx_hal_tim_ex.o(i.HAL_TIMEx_CommutCallback)
    HAL_TIM_Base_Init                        0x080017ab   Thumb Code    54  stm32f4xx_hal_tim.o(i.HAL_TIM_Base_Init)
    HAL_TIM_Base_MspInit                     0x080017e1   Thumb Code     2  stm32f4xx_hal_tim.o(i.HAL_TIM_Base_MspInit)
    HAL_TIM_Base_Start_IT                    0x080017e3   Thumb Code    34  stm32f4xx_hal_tim.o(i.HAL_TIM_Base_Start_IT)
    HAL_TIM_IC_CaptureCallback               0x08001805   Thumb Code     2  stm32f4xx_hal_tim.o(i.HAL_TIM_IC_CaptureCallback)
    HAL_TIM_IRQHandler                       0x08001807   Thumb Code   358  stm32f4xx_hal_tim.o(i.HAL_TIM_IRQHandler)
    HAL_TIM_OC_DelayElapsedCallback          0x0800196d   Thumb Code     2  stm32f4xx_hal_tim.o(i.HAL_TIM_OC_DelayElapsedCallback)
    HAL_TIM_PWM_PulseFinishedCallback        0x0800196f   Thumb Code     2  stm32f4xx_hal_tim.o(i.HAL_TIM_PWM_PulseFinishedCallback)
    HAL_TIM_PeriodElapsedCallback            0x08001971   Thumb Code    14  main.o(i.HAL_TIM_PeriodElapsedCallback)
    HAL_TIM_TriggerCallback                  0x08001985   Thumb Code     2  stm32f4xx_hal_tim.o(i.HAL_TIM_TriggerCallback)
    HAL_UART_Init                            0x08001987   Thumb Code    98  stm32f4xx_hal_uart.o(i.HAL_UART_Init)
    HAL_UART_MspInit                         0x080019e9   Thumb Code    94  usart.o(i.HAL_UART_MspInit)
    HAL_UART_Transmit                        0x08001a55   Thumb Code   186  stm32f4xx_hal_uart.o(i.HAL_UART_Transmit)
    HardFault_Handler                        0x08001b0f   Thumb Code     2  stm32f4xx_it.o(i.HardFault_Handler)
    InitA7131                                0x08001b11   Thumb Code    64  a7131.o(i.InitA7131)
    InitA71312                               0x08001b51   Thumb Code    64  a7131.o(i.InitA71312)
    MX_FREERTOS_Init                         0x08001b91   Thumb Code    74  freertos.o(i.MX_FREERTOS_Init)
    MX_GPIO_Init                             0x08001bf1   Thumb Code   184  gpio.o(i.MX_GPIO_Init)
    MX_SPI1_Init                             0x08001cb9   Thumb Code    62  spi.o(i.MX_SPI1_Init)
    MX_SPI3_Init                             0x08001d01   Thumb Code    62  spi.o(i.MX_SPI3_Init)
    MX_USART1_UART_Init                      0x08001d49   Thumb Code    48  usart.o(i.MX_USART1_UART_Init)
    MemManage_Handler                        0x08001d81   Thumb Code     2  stm32f4xx_it.o(i.MemManage_Handler)
    NMI_Handler                              0x08001d83   Thumb Code     2  stm32f4xx_it.o(i.NMI_Handler)
    ReadFIFO                                 0x08001d85   Thumb Code    46  a7131.o(i.ReadFIFO)
    ReadFIFO2                                0x08001dc1   Thumb Code    48  a7131.o(i.ReadFIFO2)
    SPI1_ReadWriteByte                       0x08001dfd   Thumb Code    26  a7131.o(i.SPI1_ReadWriteByte)
    SPI1_ReadWriteByte2                      0x08001e1d   Thumb Code    26  a7131.o(i.SPI1_ReadWriteByte2)
    StartTask01                              0x08001f85   Thumb Code   110  freertos.o(i.StartTask01)
    StartTask02                              0x08002001   Thumb Code    78  freertos.o(i.StartTask02)
    StartTask03                              0x08002059   Thumb Code    26  freertos.o(i.StartTask03)
    StrobeCmd                                0x08002085   Thumb Code    36  a7131.o(i.StrobeCmd)
    StrobeCmd2                               0x080020ad   Thumb Code    36  a7131.o(i.StrobeCmd2)
    SysTick_Handler                          0x080020d5   Thumb Code    38  port.o(i.SysTick_Handler)
    SystemClock_Config                       0x08002101   Thumb Code   140  main.o(i.SystemClock_Config)
    SystemInit                               0x08002195   Thumb Code    22  system_stm32f4xx.o(i.SystemInit)
    TIM7_IRQHandler                          0x080021b1   Thumb Code     6  stm32f4xx_it.o(i.TIM7_IRQHandler)
    TIM_Base_SetConfig                       0x080021bd   Thumb Code   156  stm32f4xx_hal_tim.o(i.TIM_Base_SetConfig)
    UsageFault_Handler                       0x08002411   Thumb Code     2  stm32f4xx_it.o(i.UsageFault_Handler)
    WriteThing                               0x08002415   Thumb Code    54  a7131.o(i.WriteThing)
    WriteThing2                              0x08002455   Thumb Code    54  a7131.o(i.WriteThing2)
    __0printf$1                              0x08002495   Thumb Code    22  printf1.o(i.__0printf$1)
    __1printf$1                              0x08002495   Thumb Code     0  printf1.o(i.__0printf$1)
    __2printf                                0x08002495   Thumb Code     0  printf1.o(i.__0printf$1)
    __scatterload_copy                       0x080024d5   Thumb Code    14  handlers.o(i.__scatterload_copy)
    __scatterload_null                       0x080024e3   Thumb Code     2  handlers.o(i.__scatterload_null)
    __scatterload_zeroinit                   0x080024e5   Thumb Code    14  handlers.o(i.__scatterload_zeroinit)
    fputc                                    0x08002649   Thumb Code    22  main.o(i.fputc)
    initRF                                   0x08002665   Thumb Code    22  a7131.o(i.initRF)
    initRF2                                  0x0800267b   Thumb Code    22  a7131.o(i.initRF2)
    main                                     0x08002691   Thumb Code    62  main.o(i.main)
    osDelay                                  0x080026d9   Thumb Code    46  cmsis_os2.o(i.osDelay)
    osKernelInitialize                       0x0800270d   Thumb Code    48  cmsis_os2.o(i.osKernelInitialize)
    osKernelStart                            0x08002741   Thumb Code    56  cmsis_os2.o(i.osKernelStart)
    osSemaphoreAcquire                       0x0800277d   Thumb Code   110  cmsis_os2.o(i.osSemaphoreAcquire)
    osSemaphoreNew                           0x080027f5   Thumb Code   172  cmsis_os2.o(i.osSemaphoreNew)
    osSemaphoreRelease                       0x080028a5   Thumb Code   104  cmsis_os2.o(i.osSemaphoreRelease)
    osThreadNew                              0x08002915   Thumb Code   158  cmsis_os2.o(i.osThreadNew)
    pvPortMalloc                             0x0800314d   Thumb Code   210  heap_4.o(i.pvPortMalloc)
    pvTaskIncrementMutexHeldCount            0x08003225   Thumb Code    18  tasks.o(i.pvTaskIncrementMutexHeldCount)
    pxPortInitialiseStack                    0x0800323d   Thumb Code    40  port.o(i.pxPortInitialiseStack)
    uxListRemove                             0x08003269   Thumb Code    38  list.o(i.uxListRemove)
    vApplicationGetIdleTaskMemory            0x08003291   Thumb Code    16  cmsis_os2.o(i.vApplicationGetIdleTaskMemory)
    vApplicationGetTimerTaskMemory           0x080032a5   Thumb Code    18  cmsis_os2.o(i.vApplicationGetTimerTaskMemory)
    vListInitialise                          0x080032bd   Thumb Code    22  list.o(i.vListInitialise)
    vListInitialiseItem                      0x080032d3   Thumb Code     6  list.o(i.vListInitialiseItem)
    vListInsert                              0x080032d9   Thumb Code    48  list.o(i.vListInsert)
    vListInsertEnd                           0x08003309   Thumb Code    24  list.o(i.vListInsertEnd)
    vPortEnterCritical                       0x08003321   Thumb Code    54  port.o(i.vPortEnterCritical)
    vPortExitCritical                        0x08003361   Thumb Code    34  port.o(i.vPortExitCritical)
    vPortFree                                0x08003389   Thumb Code    88  heap_4.o(i.vPortFree)
    vPortSetupTimerInterrupt                 0x080033e5   Thumb Code    32  port.o(i.vPortSetupTimerInterrupt)
    vPortValidateInterruptPriority           0x08003409   Thumb Code    74  port.o(i.vPortValidateInterruptPriority)
    vQueueAddToRegistry                      0x0800345d   Thumb Code    34  queue.o(i.vQueueAddToRegistry)
    vQueueDelete                             0x08003485   Thumb Code    46  queue.o(i.vQueueDelete)
    vQueueUnregisterQueue                    0x080034b5   Thumb Code    36  queue.o(i.vQueueUnregisterQueue)
    vQueueWaitForMessageRestricted           0x080034dd   Thumb Code    68  queue.o(i.vQueueWaitForMessageRestricted)
    vTaskDelay                               0x08003521   Thumb Code    66  tasks.o(i.vTaskDelay)
    vTaskInternalSetTimeOutState             0x0800356d   Thumb Code    12  tasks.o(i.vTaskInternalSetTimeOutState)
    vTaskMissedYield                         0x0800357d   Thumb Code     8  tasks.o(i.vTaskMissedYield)
    vTaskPlaceOnEventList                    0x08003589   Thumb Code    44  tasks.o(i.vTaskPlaceOnEventList)
    vTaskPlaceOnEventListRestricted          0x080035b9   Thumb Code    52  tasks.o(i.vTaskPlaceOnEventListRestricted)
    vTaskPriorityDisinheritAfterTimeout      0x080035f1   Thumb Code   134  tasks.o(i.vTaskPriorityDisinheritAfterTimeout)
    vTaskStartScheduler                      0x08003681   Thumb Code   118  tasks.o(i.vTaskStartScheduler)
    vTaskSuspendAll                          0x08003709   Thumb Code    10  tasks.o(i.vTaskSuspendAll)
    vTaskSwitchContext                       0x08003719   Thumb Code    90  tasks.o(i.vTaskSwitchContext)
    xPortStartScheduler                      0x0800377d   Thumb Code   222  port.o(i.xPortStartScheduler)
    xQueueCreateCountingSemaphore            0x08003871   Thumb Code    58  queue.o(i.xQueueCreateCountingSemaphore)
    xQueueCreateCountingSemaphoreStatic      0x080038ab   Thumb Code    64  queue.o(i.xQueueCreateCountingSemaphoreStatic)
    xQueueGenericCreate                      0x080038eb   Thumb Code    72  queue.o(i.xQueueGenericCreate)
    xQueueGenericCreateStatic                0x08003933   Thumb Code   102  queue.o(i.xQueueGenericCreateStatic)
    xQueueGenericReset                       0x08003999   Thumb Code   132  queue.o(i.xQueueGenericReset)
    xQueueGenericSend                        0x08003a21   Thumb Code   346  queue.o(i.xQueueGenericSend)
    xQueueGenericSendFromISR                 0x08003b81   Thumb Code   188  queue.o(i.xQueueGenericSendFromISR)
    xQueueGiveFromISR                        0x08003c3d   Thumb Code   156  queue.o(i.xQueueGiveFromISR)
    xQueueReceive                            0x08003cd9   Thumb Code   308  queue.o(i.xQueueReceive)
    xQueueReceiveFromISR                     0x08003e11   Thumb Code   154  queue.o(i.xQueueReceiveFromISR)
    xQueueSemaphoreTake                      0x08003ead   Thumb Code   372  queue.o(i.xQueueSemaphoreTake)
    xTaskCheckForTimeOut                     0x08004025   Thumb Code   112  tasks.o(i.xTaskCheckForTimeOut)
    xTaskCreate                              0x08004099   Thumb Code    90  tasks.o(i.xTaskCreate)
    xTaskCreateStatic                        0x080040f3   Thumb Code    86  tasks.o(i.xTaskCreateStatic)
    xTaskGetSchedulerState                   0x08004149   Thumb Code    22  tasks.o(i.xTaskGetSchedulerState)
    xTaskGetTickCount                        0x08004165   Thumb Code     6  tasks.o(i.xTaskGetTickCount)
    xTaskIncrementTick                       0x08004171   Thumb Code   190  tasks.o(i.xTaskIncrementTick)
    xTaskPriorityDisinherit                  0x08004239   Thumb Code   118  tasks.o(i.xTaskPriorityDisinherit)
    xTaskPriorityInherit                     0x080042b9   Thumb Code   112  tasks.o(i.xTaskPriorityInherit)
    xTaskRemoveFromEventList                 0x08004331   Thumb Code    98  tasks.o(i.xTaskRemoveFromEventList)
    xTaskResumeAll                           0x080043a1   Thumb Code   182  tasks.o(i.xTaskResumeAll)
    xTimerCreateTimerTask                    0x08004465   Thumb Code    78  timers.o(i.xTimerCreateTimerTask)
    xTimerGenericCommand                     0x080044c5   Thumb Code    98  timers.o(i.xTimerGenericCommand)
    ID_Tab                                   0x0800452c   Data           4  a7131.o(.constdata)
    A7131_Addr38_Config                      0x08004530   Data           5  a7131.o(.constdata)
    PageTab                                  0x08004535   Data           8  a7131.o(.constdata)
    A7131_Addr2A_Config                      0x0800453d   Data           8  a7131.o(.constdata)
    A7131Config                              0x08004548   Data         256  a7131.o(.constdata)
    x1Task_attributes                        0x08004648   Data          36  freertos.o(.constdata)
    x2Task_attributes                        0x0800466c   Data          36  freertos.o(.constdata)
    x3Task_attributes                        0x08004690   Data          36  freertos.o(.constdata)
    xa1_attributes                           0x080046b4   Data          16  freertos.o(.constdata)
    xa2_attributes                           0x080046c4   Data          16  freertos.o(.constdata)
    AHBPrescTable                            0x080046d4   Data          16  system_stm32f4xx.o(.constdata)
    APBPrescTable                            0x080046e4   Data           8  system_stm32f4xx.o(.constdata)
    Region$$Table$$Base                      0x0800470c   Number         0  anon$$obj.o(Region$$Table)
    Region$$Table$$Limit                     0x0800472c   Number         0  anon$$obj.o(Region$$Table)
    MasterPkgIndex                           0x20000000   Data           1  freertos.o(.data)
    s                                        0x20000004   Data           4  freertos.o(.data)
    x1TaskHandle                             0x20000008   Data           4  freertos.o(.data)
    x2TaskHandle                             0x2000000c   Data           4  freertos.o(.data)
    x3TaskHandle                             0x20000010   Data           4  freertos.o(.data)
    xa1Handle                                0x20000014   Data           4  freertos.o(.data)
    xa2Handle                                0x20000018   Data           4  freertos.o(.data)
    uwTickFreq                               0x2000001c   Data           1  stm32f4xx_hal.o(.data)
    uwTickPrio                               0x20000020   Data           4  stm32f4xx_hal.o(.data)
    uwTick                                   0x20000024   Data           4  stm32f4xx_hal.o(.data)
    SystemCoreClock                          0x20000028   Data           4  system_stm32f4xx.o(.data)
    pxCurrentTCB                             0x2000002c   Data           4  tasks.o(.data)
    __stdout                                 0x200000a4   Data           4  stdout.o(.data)
    RfBuf                                    0x200000a8   Data          64  a7131.o(.bss)
    RfBuf2                                   0x200000e8   Data          64  a7131.o(.bss)
    MasterSend                               0x20000128   Data          64  freertos.o(.bss)
    hspi1                                    0x20000168   Data          88  spi.o(.bss)
    hspi3                                    0x200001c0   Data          88  spi.o(.bss)
    huart1                                   0x20000218   Data          64  usart.o(.bss)
    htim7                                    0x20000258   Data          64  stm32f4xx_hal_timebase_tim.o(.bss)
    xQueueRegistry                           0x20000298   Data          64  queue.o(.bss)
    __initial_sp                             0x20004f70   Data           0  startup_stm32f407xx.o(STACK)



==============================================================================

Memory Map of the image

  Image Entry point : 0x08000189

  Load Region LR_IROM1 (Base: 0x08000000, Size: 0x000047d4, Max: 0x00080000, ABSOLUTE)

    Execution Region ER_IROM1 (Exec base: 0x08000000, Load base: 0x08000000, Size: 0x0000472c, Max: 0x00080000, ABSOLUTE)

    Exec Addr    Load Addr    Size         Type   Attr      Idx    E Section Name        Object

    0x08000000   0x08000000   0x00000188   Data   RO            3    RESET               startup_stm32f407xx.o
    0x08000188   0x08000188   0x00000000   Code   RO         5147  * .ARM.Collect$$$$00000000  mc_w.l(entry.o)
    0x08000188   0x08000188   0x00000004   Code   RO         5421    .ARM.Collect$$$$00000001  mc_w.l(entry2.o)
    0x0800018c   0x0800018c   0x00000004   Code   RO         5424    .ARM.Collect$$$$00000004  mc_w.l(entry5.o)
    0x08000190   0x08000190   0x00000000   Code   RO         5426    .ARM.Collect$$$$00000008  mc_w.l(entry7b.o)
    0x08000190   0x08000190   0x00000000   Code   RO         5428    .ARM.Collect$$$$0000000A  mc_w.l(entry8b.o)
    0x08000190   0x08000190   0x00000008   Code   RO         5429    .ARM.Collect$$$$0000000B  mc_w.l(entry9a.o)
    0x08000198   0x08000198   0x00000004   Code   RO         5436    .ARM.Collect$$$$0000000E  mc_w.l(entry12b.o)
    0x0800019c   0x0800019c   0x00000000   Code   RO         5431    .ARM.Collect$$$$0000000F  mc_w.l(entry10a.o)
    0x0800019c   0x0800019c   0x00000000   Code   RO         5433    .ARM.Collect$$$$00000011  mc_w.l(entry11a.o)
    0x0800019c   0x0800019c   0x00000004   Code   RO         5422    .ARM.Collect$$$$00002712  mc_w.l(entry2.o)
    0x080001a0   0x080001a0   0x000000be   Code   RO         5070    .emb_text           port.o
    0x0800025e   0x0800025e   0x00000002   PAD
    0x08000260   0x08000260   0x00000024   Code   RO            4    .text               startup_stm32f407xx.o
    0x08000284   0x08000284   0x00000062   Code   RO         5150    .text               mc_w.l(uldiv.o)
    0x080002e6   0x080002e6   0x00000024   Code   RO         5152    .text               mc_w.l(memcpya.o)
    0x0800030a   0x0800030a   0x00000024   Code   RO         5156    .text               mc_w.l(memseta.o)
    0x0800032e   0x0800032e   0x0000002c   Code   RO         5438    .text               mc_w.l(uidiv.o)
    0x0800035a   0x0800035a   0x0000001e   Code   RO         5440    .text               mc_w.l(llshl.o)
    0x08000378   0x08000378   0x00000020   Code   RO         5442    .text               mc_w.l(llushr.o)
    0x08000398   0x08000398   0x00000024   Code   RO         5455    .text               mc_w.l(init.o)
    0x080003bc   0x080003bc   0x000000ac   Code   RO           13    i.A7131_Cal         a7131.o
    0x08000468   0x08000468   0x000000ac   Code   RO           14    i.A7131_Cal2        a7131.o
    0x08000514   0x08000514   0x000000a0   Code   RO           15    i.A7131_Config      a7131.o
    0x080005b4   0x080005b4   0x000000a0   Code   RO           16    i.A7131_Config2     a7131.o
    0x08000654   0x08000654   0x00000034   Code   RO           17    i.A7131_ReadReg     a7131.o
    0x08000688   0x08000688   0x00000034   Code   RO           18    i.A7131_ReadReg2    a7131.o
    0x080006bc   0x080006bc   0x00000008   Code   RO           19    i.A7131_Reset       a7131.o
    0x080006c4   0x080006c4   0x00000008   Code   RO           20    i.A7131_Reset2      a7131.o
    0x080006cc   0x080006cc   0x00000040   Code   RO           21    i.A7131_WriteID     a7131.o
    0x0800070c   0x0800070c   0x00000040   Code   RO           22    i.A7131_WriteID2    a7131.o
    0x0800074c   0x0800074c   0x00000030   Code   RO           23    i.A7131_WriteReg    a7131.o
    0x0800077c   0x0800077c   0x00000030   Code   RO           24    i.A7131_WriteReg2   a7131.o
    0x080007ac   0x080007ac   0x00000020   Code   RO           25    i.A7131_WriteReg_Page  a7131.o
    0x080007cc   0x080007cc   0x00000020   Code   RO           26    i.A7131_WriteReg_Page2  a7131.o
    0x080007ec   0x080007ec   0x00000002   Code   RO          616    i.BusFault_Handler  stm32f4xx_it.o
    0x080007ee   0x080007ee   0x0000004a   Code   RO           31    i.CHGroupCal        a7131.o
    0x08000838   0x08000838   0x0000004a   Code   RO           32    i.CHGroupCal2       a7131.o
    0x08000882   0x08000882   0x00000002   Code   RO          617    i.DebugMon_Handler  stm32f4xx_it.o
    0x08000884   0x08000884   0x00000006   Code   RO          618    i.EXTI1_IRQHandler  stm32f4xx_it.o
    0x0800088a   0x0800088a   0x00000006   Code   RO          619    i.EXTI4_IRQHandler  stm32f4xx_it.o
    0x08000890   0x08000890   0x00000024   Code   RO           33    i.Err_State         a7131.o
    0x080008b4   0x080008b4   0x0000001c   Code   RO           34    i.Err_State2        a7131.o
    0x080008d0   0x080008d0   0x00000004   Code   RO          351    i.Error_Handler     main.o
    0x080008d4   0x080008d4   0x00000024   Code   RO         1636    i.HAL_Delay         stm32f4xx_hal.o
    0x080008f8   0x080008f8   0x00000024   Code   RO          464    i.HAL_GPIO_EXTI_Callback  freertos.o
    0x0800091c   0x0800091c   0x00000018   Code   RO         1109    i.HAL_GPIO_EXTI_IRQHandler  stm32f4xx_hal_gpio.o
    0x08000934   0x08000934   0x000001b8   Code   RO         1110    i.HAL_GPIO_Init     stm32f4xx_hal_gpio.o
    0x08000aec   0x08000aec   0x0000000a   Code   RO         1114    i.HAL_GPIO_WritePin  stm32f4xx_hal_gpio.o
    0x08000af6   0x08000af6   0x00000002   PAD
    0x08000af8   0x08000af8   0x0000000c   Code   RO         1642    i.HAL_GetTick       stm32f4xx_hal.o
    0x08000b04   0x08000b04   0x00000010   Code   RO         1648    i.HAL_IncTick       stm32f4xx_hal.o
    0x08000b14   0x08000b14   0x00000034   Code   RO         1649    i.HAL_Init          stm32f4xx_hal.o
    0x08000b48   0x08000b48   0x00000074   Code   RO          716    i.HAL_InitTick      stm32f4xx_hal_timebase_tim.o
    0x08000bbc   0x08000bbc   0x00000038   Code   RO          692    i.HAL_MspInit       stm32f4xx_hal_msp.o
    0x08000bf4   0x08000bf4   0x0000001a   Code   RO         1499    i.HAL_NVIC_EnableIRQ  stm32f4xx_hal_cortex.o
    0x08000c0e   0x08000c0e   0x00000002   PAD
    0x08000c10   0x08000c10   0x00000040   Code   RO         1505    i.HAL_NVIC_SetPriority  stm32f4xx_hal_cortex.o
    0x08000c50   0x08000c50   0x00000024   Code   RO         1506    i.HAL_NVIC_SetPriorityGrouping  stm32f4xx_hal_cortex.o
    0x08000c74   0x08000c74   0x00000134   Code   RO          756    i.HAL_RCC_ClockConfig  stm32f4xx_hal_rcc.o
    0x08000da8   0x08000da8   0x00000040   Code   RO          760    i.HAL_RCC_GetClockConfig  stm32f4xx_hal_rcc.o
    0x08000de8   0x08000de8   0x00000020   Code   RO          763    i.HAL_RCC_GetPCLK1Freq  stm32f4xx_hal_rcc.o
    0x08000e08   0x08000e08   0x00000020   Code   RO          764    i.HAL_RCC_GetPCLK2Freq  stm32f4xx_hal_rcc.o
    0x08000e28   0x08000e28   0x00000064   Code   RO          765    i.HAL_RCC_GetSysClockFreq  stm32f4xx_hal_rcc.o
    0x08000e8c   0x08000e8c   0x0000035c   Code   RO          768    i.HAL_RCC_OscConfig  stm32f4xx_hal_rcc.o
    0x080011e8   0x080011e8   0x00000080   Code   RO         1898    i.HAL_SPI_Init      stm32f4xx_hal_spi.o
    0x08001268   0x08001268   0x000000b0   Code   RO          527    i.HAL_SPI_MspInit   spi.o
    0x08001318   0x08001318   0x00000150   Code   RO         1901    i.HAL_SPI_Receive   stm32f4xx_hal_spi.o
    0x08001468   0x08001468   0x0000015c   Code   RO         1906    i.HAL_SPI_Transmit  stm32f4xx_hal_spi.o
    0x080015c4   0x080015c4   0x000001e2   Code   RO         1907    i.HAL_SPI_TransmitReceive  stm32f4xx_hal_spi.o
    0x080017a6   0x080017a6   0x00000002   Code   RO         2886    i.HAL_TIMEx_BreakCallback  stm32f4xx_hal_tim_ex.o
    0x080017a8   0x080017a8   0x00000002   Code   RO         2887    i.HAL_TIMEx_CommutCallback  stm32f4xx_hal_tim_ex.o
    0x080017aa   0x080017aa   0x00000036   Code   RO         2211    i.HAL_TIM_Base_Init  stm32f4xx_hal_tim.o
    0x080017e0   0x080017e0   0x00000002   Code   RO         2213    i.HAL_TIM_Base_MspInit  stm32f4xx_hal_tim.o
    0x080017e2   0x080017e2   0x00000022   Code   RO         2216    i.HAL_TIM_Base_Start_IT  stm32f4xx_hal_tim.o
    0x08001804   0x08001804   0x00000002   Code   RO         2240    i.HAL_TIM_IC_CaptureCallback  stm32f4xx_hal_tim.o
    0x08001806   0x08001806   0x00000166   Code   RO         2254    i.HAL_TIM_IRQHandler  stm32f4xx_hal_tim.o
    0x0800196c   0x0800196c   0x00000002   Code   RO         2257    i.HAL_TIM_OC_DelayElapsedCallback  stm32f4xx_hal_tim.o
    0x0800196e   0x0800196e   0x00000002   Code   RO         2284    i.HAL_TIM_PWM_PulseFinishedCallback  stm32f4xx_hal_tim.o
    0x08001970   0x08001970   0x00000014   Code   RO          352    i.HAL_TIM_PeriodElapsedCallback  main.o
    0x08001984   0x08001984   0x00000002   Code   RO         2297    i.HAL_TIM_TriggerCallback  stm32f4xx_hal_tim.o
    0x08001986   0x08001986   0x00000062   Code   RO         3162    i.HAL_UART_Init     stm32f4xx_hal_uart.o
    0x080019e8   0x080019e8   0x0000006c   Code   RO          575    i.HAL_UART_MspInit  usart.o
    0x08001a54   0x08001a54   0x000000ba   Code   RO         3170    i.HAL_UART_Transmit  stm32f4xx_hal_uart.o
    0x08001b0e   0x08001b0e   0x00000002   Code   RO          620    i.HardFault_Handler  stm32f4xx_it.o
    0x08001b10   0x08001b10   0x00000040   Code   RO           35    i.InitA7131         a7131.o
    0x08001b50   0x08001b50   0x00000040   Code   RO           36    i.InitA71312        a7131.o
    0x08001b90   0x08001b90   0x00000060   Code   RO          465    i.MX_FREERTOS_Init  freertos.o
    0x08001bf0   0x08001bf0   0x000000c8   Code   RO          440    i.MX_GPIO_Init      gpio.o
    0x08001cb8   0x08001cb8   0x00000048   Code   RO          528    i.MX_SPI1_Init      spi.o
    0x08001d00   0x08001d00   0x00000048   Code   RO          529    i.MX_SPI3_Init      spi.o
    0x08001d48   0x08001d48   0x00000038   Code   RO          576    i.MX_USART1_UART_Init  usart.o
    0x08001d80   0x08001d80   0x00000002   Code   RO          621    i.MemManage_Handler  stm32f4xx_it.o
    0x08001d82   0x08001d82   0x00000002   Code   RO          622    i.NMI_Handler       stm32f4xx_it.o
    0x08001d84   0x08001d84   0x0000003c   Code   RO           37    i.ReadFIFO          a7131.o
    0x08001dc0   0x08001dc0   0x0000003c   Code   RO           38    i.ReadFIFO2         a7131.o
    0x08001dfc   0x08001dfc   0x00000020   Code   RO           39    i.SPI1_ReadWriteByte  a7131.o
    0x08001e1c   0x08001e1c   0x00000020   Code   RO           40    i.SPI1_ReadWriteByte2  a7131.o
    0x08001e3c   0x08001e3c   0x0000005c   Code   RO         1935    i.SPI_EndRxTransaction  stm32f4xx_hal_spi.o
    0x08001e98   0x08001e98   0x00000058   Code   RO         1936    i.SPI_EndRxTxTransaction  stm32f4xx_hal_spi.o
    0x08001ef0   0x08001ef0   0x00000094   Code   RO         1941    i.SPI_WaitFlagStateUntilTimeout  stm32f4xx_hal_spi.o
    0x08001f84   0x08001f84   0x0000007c   Code   RO          466    i.StartTask01       freertos.o
    0x08002000   0x08002000   0x00000058   Code   RO          467    i.StartTask02       freertos.o
    0x08002058   0x08002058   0x0000002c   Code   RO          468    i.StartTask03       freertos.o
    0x08002084   0x08002084   0x00000028   Code   RO           41    i.StrobeCmd         a7131.o
    0x080020ac   0x080020ac   0x00000028   Code   RO           42    i.StrobeCmd2        a7131.o
    0x080020d4   0x080020d4   0x0000002c   Code   RO         5071    i.SysTick_Handler   port.o
    0x08002100   0x08002100   0x00000094   Code   RO          353    i.SystemClock_Config  main.o
    0x08002194   0x08002194   0x0000001c   Code   RO         3464    i.SystemInit        system_stm32f4xx.o
    0x080021b0   0x080021b0   0x0000000c   Code   RO          623    i.TIM7_IRQHandler   stm32f4xx_it.o
    0x080021bc   0x080021bc   0x000000c8   Code   RO         2299    i.TIM_Base_SetConfig  stm32f4xx_hal_tim.o
    0x08002284   0x08002284   0x00000128   Code   RO         3188    i.UART_SetConfig    stm32f4xx_hal_uart.o
    0x080023ac   0x080023ac   0x00000064   Code   RO         3190    i.UART_WaitOnFlagUntilTimeout  stm32f4xx_hal_uart.o
    0x08002410   0x08002410   0x00000002   Code   RO          624    i.UsageFault_Handler  stm32f4xx_it.o
    0x08002412   0x08002412   0x00000002   PAD
    0x08002414   0x08002414   0x00000040   Code   RO           45    i.WriteThing        a7131.o
    0x08002454   0x08002454   0x00000040   Code   RO           46    i.WriteThing2       a7131.o
    0x08002494   0x08002494   0x00000020   Code   RO         5205    i.__0printf$1       mc_w.l(printf1.o)
    0x080024b4   0x080024b4   0x00000020   Code   RO         1512    i.__NVIC_SetPriority  stm32f4xx_hal_cortex.o
    0x080024d4   0x080024d4   0x0000000e   Code   RO         5463    i.__scatterload_copy  mc_w.l(handlers.o)
    0x080024e2   0x080024e2   0x00000002   Code   RO         5464    i.__scatterload_null  mc_w.l(handlers.o)
    0x080024e4   0x080024e4   0x0000000e   Code   RO         5465    i.__scatterload_zeroinit  mc_w.l(handlers.o)
    0x080024f2   0x080024f2   0x00000002   PAD
    0x080024f4   0x080024f4   0x00000154   Code   RO         5212    i._printf_core      mc_w.l(printf1.o)
    0x08002648   0x08002648   0x0000001c   Code   RO          354    i.fputc             main.o
    0x08002664   0x08002664   0x00000016   Code   RO           47    i.initRF            a7131.o
    0x0800267a   0x0800267a   0x00000016   Code   RO           48    i.initRF2           a7131.o
    0x08002690   0x08002690   0x00000048   Code   RO          355    i.main              main.o
    0x080026d8   0x080026d8   0x00000034   Code   RO         4591    i.osDelay           cmsis_os2.o
    0x0800270c   0x0800270c   0x00000034   Code   RO         4605    i.osKernelInitialize  cmsis_os2.o
    0x08002740   0x08002740   0x0000003c   Code   RO         4608    i.osKernelStart     cmsis_os2.o
    0x0800277c   0x0800277c   0x00000078   Code   RO         4624    i.osSemaphoreAcquire  cmsis_os2.o
    0x080027f4   0x080027f4   0x000000b0   Code   RO         4627    i.osSemaphoreNew    cmsis_os2.o
    0x080028a4   0x080028a4   0x00000070   Code   RO         4628    i.osSemaphoreRelease  cmsis_os2.o
    0x08002914   0x08002914   0x000000a4   Code   RO         4641    i.osThreadNew       cmsis_os2.o
    0x080029b8   0x080029b8   0x0000005c   Code   RO         4072    i.prvAddCurrentTaskToDelayedList  tasks.o
    0x08002a14   0x08002a14   0x000000d0   Code   RO         4073    i.prvAddNewTaskToReadyList  tasks.o
    0x08002ae4   0x08002ae4   0x00000058   Code   RO         4425    i.prvCheckForValidListAndQueue  timers.o
    0x08002b3c   0x08002b3c   0x00000026   Code   RO         3669    i.prvCopyDataFromQueue  queue.o
    0x08002b62   0x08002b62   0x0000006c   Code   RO         3670    i.prvCopyDataToQueue  queue.o
    0x08002bce   0x08002bce   0x00000034   Code   RO         4074    i.prvDeleteTCB      tasks.o
    0x08002c02   0x08002c02   0x00000002   PAD
    0x08002c04   0x08002c04   0x0000004c   Code   RO         5021    i.prvHeapInit       heap_4.o
    0x08002c50   0x08002c50   0x00000060   Code   RO         4075    i.prvIdleTask       tasks.o
    0x08002cb0   0x08002cb0   0x00000022   Code   RO         3672    i.prvInitialiseNewQueue  queue.o
    0x08002cd2   0x08002cd2   0x00000002   PAD
    0x08002cd4   0x08002cd4   0x000000b0   Code   RO         4076    i.prvInitialiseNewTask  tasks.o
    0x08002d84   0x08002d84   0x0000004c   Code   RO         5022    i.prvInsertBlockIntoFreeList  heap_4.o
    0x08002dd0   0x08002dd0   0x00000038   Code   RO         4427    i.prvInsertTimerInActiveList  timers.o
    0x08002e08   0x08002e08   0x0000001c   Code   RO         3673    i.prvIsQueueEmpty   queue.o
    0x08002e24   0x08002e24   0x000000fc   Code   RO         4428    i.prvProcessReceivedCommands  timers.o
    0x08002f20   0x08002f20   0x000000c0   Code   RO         4429    i.prvProcessTimerOrBlockTask  timers.o
    0x08002fe0   0x08002fe0   0x00000020   Code   RO         4078    i.prvResetNextTaskUnblockTime  tasks.o
    0x08003000   0x08003000   0x00000028   Code   RO         4430    i.prvSampleTimeNow  timers.o
    0x08003028   0x08003028   0x0000006c   Code   RO         4431    i.prvSwitchTimerLists  timers.o
    0x08003094   0x08003094   0x00000028   Code   RO         5072    i.prvTaskExitError  port.o
    0x080030bc   0x080030bc   0x00000024   Code   RO         4432    i.prvTimerTask      timers.o
    0x080030e0   0x080030e0   0x0000006a   Code   RO         3674    i.prvUnlockQueue    queue.o
    0x0800314a   0x0800314a   0x00000002   PAD
    0x0800314c   0x0800314c   0x000000d8   Code   RO         5023    i.pvPortMalloc      heap_4.o
    0x08003224   0x08003224   0x00000018   Code   RO         4081    i.pvTaskIncrementMutexHeldCount  tasks.o
    0x0800323c   0x0800323c   0x0000002c   Code   RO         5073    i.pxPortInitialiseStack  port.o
    0x08003268   0x08003268   0x00000026   Code   RO         3629    i.uxListRemove      list.o
    0x0800328e   0x0800328e   0x00000002   PAD
    0x08003290   0x08003290   0x00000014   Code   RO         4653    i.vApplicationGetIdleTaskMemory  cmsis_os2.o
    0x080032a4   0x080032a4   0x00000018   Code   RO         4654    i.vApplicationGetTimerTaskMemory  cmsis_os2.o
    0x080032bc   0x080032bc   0x00000016   Code   RO         3630    i.vListInitialise   list.o
    0x080032d2   0x080032d2   0x00000006   Code   RO         3631    i.vListInitialiseItem  list.o
    0x080032d8   0x080032d8   0x00000030   Code   RO         3632    i.vListInsert       list.o
    0x08003308   0x08003308   0x00000018   Code   RO         3633    i.vListInsertEnd    list.o
    0x08003320   0x08003320   0x00000040   Code   RO         5075    i.vPortEnterCritical  port.o
    0x08003360   0x08003360   0x00000028   Code   RO         5076    i.vPortExitCritical  port.o
    0x08003388   0x08003388   0x0000005c   Code   RO         5024    i.vPortFree         heap_4.o
    0x080033e4   0x080033e4   0x00000024   Code   RO         5077    i.vPortSetupTimerInterrupt  port.o
    0x08003408   0x08003408   0x00000054   Code   RO         5078    i.vPortValidateInterruptPriority  port.o
    0x0800345c   0x0800345c   0x00000028   Code   RO         3680    i.vQueueAddToRegistry  queue.o
    0x08003484   0x08003484   0x0000002e   Code   RO         3681    i.vQueueDelete      queue.o
    0x080034b2   0x080034b2   0x00000002   PAD
    0x080034b4   0x080034b4   0x00000028   Code   RO         3683    i.vQueueUnregisterQueue  queue.o
    0x080034dc   0x080034dc   0x00000044   Code   RO         3684    i.vQueueWaitForMessageRestricted  queue.o
    0x08003520   0x08003520   0x0000004c   Code   RO         4090    i.vTaskDelay        tasks.o
    0x0800356c   0x0800356c   0x00000010   Code   RO         4095    i.vTaskInternalSetTimeOutState  tasks.o
    0x0800357c   0x0800357c   0x0000000c   Code   RO         4096    i.vTaskMissedYield  tasks.o
    0x08003588   0x08003588   0x00000030   Code   RO         4098    i.vTaskPlaceOnEventList  tasks.o
    0x080035b8   0x080035b8   0x00000038   Code   RO         4099    i.vTaskPlaceOnEventListRestricted  tasks.o
    0x080035f0   0x080035f0   0x00000090   Code   RO         4101    i.vTaskPriorityDisinheritAfterTimeout  tasks.o
    0x08003680   0x08003680   0x00000088   Code   RO         4107    i.vTaskStartScheduler  tasks.o
    0x08003708   0x08003708   0x00000010   Code   RO         4109    i.vTaskSuspendAll   tasks.o
    0x08003718   0x08003718   0x00000064   Code   RO         4110    i.vTaskSwitchContext  tasks.o
    0x0800377c   0x0800377c   0x000000f4   Code   RO         5079    i.xPortStartScheduler  port.o
    0x08003870   0x08003870   0x0000003a   Code   RO         3685    i.xQueueCreateCountingSemaphore  queue.o
    0x080038aa   0x080038aa   0x00000040   Code   RO         3686    i.xQueueCreateCountingSemaphoreStatic  queue.o
    0x080038ea   0x080038ea   0x00000048   Code   RO         3689    i.xQueueGenericCreate  queue.o
    0x08003932   0x08003932   0x00000066   Code   RO         3690    i.xQueueGenericCreateStatic  queue.o
    0x08003998   0x08003998   0x00000088   Code   RO         3691    i.xQueueGenericReset  queue.o
    0x08003a20   0x08003a20   0x00000160   Code   RO         3692    i.xQueueGenericSend  queue.o
    0x08003b80   0x08003b80   0x000000bc   Code   RO         3693    i.xQueueGenericSendFromISR  queue.o
    0x08003c3c   0x08003c3c   0x0000009c   Code   RO         3696    i.xQueueGiveFromISR  queue.o
    0x08003cd8   0x08003cd8   0x00000138   Code   RO         3702    i.xQueueReceive     queue.o
    0x08003e10   0x08003e10   0x0000009a   Code   RO         3703    i.xQueueReceiveFromISR  queue.o
    0x08003eaa   0x08003eaa   0x00000002   PAD
    0x08003eac   0x08003eac   0x00000178   Code   RO         3704    i.xQueueSemaphoreTake  queue.o
    0x08004024   0x08004024   0x00000074   Code   RO         4111    i.xTaskCheckForTimeOut  tasks.o
    0x08004098   0x08004098   0x0000005a   Code   RO         4112    i.xTaskCreate       tasks.o
    0x080040f2   0x080040f2   0x00000056   Code   RO         4113    i.xTaskCreateStatic  tasks.o
    0x08004148   0x08004148   0x0000001c   Code   RO         4117    i.xTaskGetSchedulerState  tasks.o
    0x08004164   0x08004164   0x0000000c   Code   RO         4118    i.xTaskGetTickCount  tasks.o
    0x08004170   0x08004170   0x000000c8   Code   RO         4120    i.xTaskIncrementTick  tasks.o
    0x08004238   0x08004238   0x00000080   Code   RO         4123    i.xTaskPriorityDisinherit  tasks.o
    0x080042b8   0x080042b8   0x00000078   Code   RO         4124    i.xTaskPriorityInherit  tasks.o
    0x08004330   0x08004330   0x00000070   Code   RO         4125    i.xTaskRemoveFromEventList  tasks.o
    0x080043a0   0x080043a0   0x000000c4   Code   RO         4126    i.xTaskResumeAll    tasks.o
    0x08004464   0x08004464   0x00000060   Code   RO         4440    i.xTimerCreateTimerTask  timers.o
    0x080044c4   0x080044c4   0x00000068   Code   RO         4441    i.xTimerGenericCommand  timers.o
    0x0800452c   0x0800452c   0x0000011c   Data   RO           50    .constdata          a7131.o
    0x08004648   0x08004648   0x0000008c   Data   RO          470    .constdata          freertos.o
    0x080046d4   0x080046d4   0x00000010   Data   RO         3465    .constdata          system_stm32f4xx.o
    0x080046e4   0x080046e4   0x00000008   Data   RO         3466    .constdata          system_stm32f4xx.o
    0x080046ec   0x080046ec   0x0000001f   Data   RO          471    .conststring        freertos.o
    0x0800470b   0x0800470b   0x00000001   PAD
    0x0800470c   0x0800470c   0x00000020   Data   RO         5461    Region$$Table       anon$$obj.o


    Execution Region RW_IRAM2 (Exec base: 0x10000000, Load base: 0x080047d4, Size: 0x00000000, Max: 0x00010000, ABSOLUTE)

    **** No section assigned to this execution region ****


    Execution Region RW_IRAM1 (Exec base: 0x20000000, Load base: 0x0800472c, Size: 0x00004f70, Max: 0x00020000, ABSOLUTE)

    Exec Addr    Load Addr    Size         Type   Attr      Idx    E Section Name        Object

    0x20000000   0x0800472c   0x0000001c   Data   RW          472    .data               freertos.o
    0x2000001c   0x08004748   0x0000000c   Data   RW         1656    .data               stm32f4xx_hal.o
    0x20000028   0x08004754   0x00000004   Data   RW         3467    .data               system_stm32f4xx.o
    0x2000002c   0x08004758   0x0000003c   Data   RW         4129    .data               tasks.o
    0x20000068   0x08004794   0x00000014   Data   RW         4449    .data               timers.o
    0x2000007c   0x080047a8   0x00000004   Data   RW         4656    .data               cmsis_os2.o
    0x20000080   0x080047ac   0x00000018   Data   RW         5029    .data               heap_4.o
    0x20000098   0x080047c4   0x0000000c   Data   RW         5080    .data               port.o
    0x200000a4   0x080047d0   0x00000004   Data   RW         5437    .data               mc_w.l(stdout.o)
    0x200000a8        -       0x00000080   Zero   RW           49    .bss                a7131.o
    0x20000128        -       0x00000040   Zero   RW          469    .bss                freertos.o
    0x20000168        -       0x000000b0   Zero   RW          530    .bss                spi.o
    0x20000218        -       0x00000040   Zero   RW          577    .bss                usart.o
    0x20000258        -       0x00000040   Zero   RW          719    .bss                stm32f4xx_hal_timebase_tim.o
    0x20000298        -       0x00000040   Zero   RW         3706    .bss                queue.o
    0x200002d8        -       0x000004c4   Zero   RW         4128    .bss                tasks.o
    0x2000079c        -       0x00000118   Zero   RW         4448    .bss                timers.o
    0x200008b4        -       0x000006b8   Zero   RW         4655    .bss                cmsis_os2.o
    0x20000f6c        -       0x00003c00   Zero   RW         5028    .bss                heap_4.o
    0x20004b6c   0x080047d4   0x00000004   PAD
    0x20004b70        -       0x00000400   Zero   RW            1    STACK               startup_stm32f407xx.o


==============================================================================

Image component sizes


      Code (inc. data)   RO Data    RW Data    ZI Data      Debug   Object Name

      1848        146        284          0        128     711370   a7131.o
       780         52          0          4       1720      36629   cmsis_os2.o
         0          0          0          0          0      18396   event_groups.o
       388         68        171         28         64       4143   freertos.o
       200         16          0          0          0        955   gpio.o
       460         24          0         24      15360       4831   heap_4.o
       138          0          0          0          0       3606   list.o
       272         30          0          0          0      14052   main.o
       786         82          0         12          0      11705   port.o
      2478         28          0          0         64      26700   queue.o
       320         40          0          0        176       2434   spi.o
        36          8        392          0       1024        844   startup_stm32f407xx.o
       116         18          0         12          0       8786   stm32f4xx_hal.o
       158         14          0          0          0      33206   stm32f4xx_hal_cortex.o
       474         52          0          0          0       3063   stm32f4xx_hal_gpio.o
        56          4          0          0          0        886   stm32f4xx_hal_msp.o
      1396         86          0          0          0       5957   stm32f4xx_hal_rcc.o
      1622          8          0          0          0       8370   stm32f4xx_hal_spi.o
       656         44          0          0          0       7352   stm32f4xx_hal_tim.o
         4          0          0          0          0       1633   stm32f4xx_hal_tim_ex.o
       116         16          0          0         64       1451   stm32f4xx_hal_timebase_tim.o
       680         10          0          0          0       4164   stm32f4xx_hal_uart.o
        36          6          0          0          0       4273   stm32f4xx_it.o
         0          0          0          0          0        392   stream_buffer.o
        28          6         24          4          0       1187   system_stm32f4xx.o
      2372        194          0         60       1220      29761   tasks.o
       972         80          0         20        280      32179   timers.o
       164         22          0          0         64       1754   usart.o

    ----------------------------------------------------------------------
     16576       1054        904        164      20168     980079   Object Totals
         0          0         32          0          0          0   (incl. Generated)
        20          0          1          0          4          0   (incl. Padding)

    ----------------------------------------------------------------------

      Code (inc. data)   RO Data    RW Data    ZI Data      Debug   Library Member Name

         0          0          0          0          0          0   entry.o
         0          0          0          0          0          0   entry10a.o
         0          0          0          0          0          0   entry11a.o
         4          0          0          0          0          0   entry12b.o
         8          4          0          0          0          0   entry2.o
         4          0          0          0          0          0   entry5.o
         0          0          0          0          0          0   entry7b.o
         0          0          0          0          0          0   entry8b.o
         8          4          0          0          0          0   entry9a.o
        30          0          0          0          0          0   handlers.o
        36          8          0          0          0         68   init.o
        30          0          0          0          0         68   llshl.o
        32          0          0          0          0         68   llushr.o
        36          0          0          0          0         68   memcpya.o
        36          0          0          0          0        108   memseta.o
       372         14          0          0          0        184   printf1.o
         0          0          0          4          0          0   stdout.o
        44          0          0          0          0         80   uidiv.o
        98          0          0          0          0         92   uldiv.o

    ----------------------------------------------------------------------
       740         30          0          4          0        736   Library Totals
         2          0          0          0          0          0   (incl. Padding)

    ----------------------------------------------------------------------

      Code (inc. data)   RO Data    RW Data    ZI Data      Debug   Library Name

       738         30          0          4          0        736   mc_w.l

    ----------------------------------------------------------------------
       740         30          0          4          0        736   Library Totals

    ----------------------------------------------------------------------

==============================================================================


      Code (inc. data)   RO Data    RW Data    ZI Data      Debug   

     17316       1084        904        168      20168     963507   Grand Totals
     17316       1084        904        168      20168     963507   ELF Image Totals
     17316       1084        904        168          0          0   ROM Totals

==============================================================================

    Total RO  Size (Code + RO Data)                18220 (  17.79kB)
    Total RW  Size (RW Data + ZI Data)             20336 (  19.86kB)
    Total ROM Size (Code + RO Data + RW Data)      18388 (  17.96kB)

==============================================================================

